Archive member included to satisfy reference by file (symbol)

../../../../include_lib/liba/br25/cpu.a(crc16.c.o)
                              obj/Release/cpu/br25/setup.o (symbol from plugin) (__crc16_mutex_init)
../../../../include_lib/liba/br25/cpu.a(uart.c.o)
                              obj/Release/cpu/br25/adc_api.o (symbol from plugin) (delay)
../../../../include_lib/liba/br25/cpu.a(usb.c.o)
                              obj/Release/apps/common/usb/device/usb_device.o (symbol from plugin) (usb_sof_clr_pnd)
../../../../include_lib/liba/br25/cpu.a(clock.c.o)
                              obj/Release/cpu/br25/charge.o (symbol from plugin) (clk_get)
../../../../include_lib/liba/br25/cpu.a(gpio.c.o)
                              obj/Release/cpu/br25/iic_hw.o (symbol from plugin) (usb_iomode)
../../../../include_lib/liba/br25/cpu.a(timer.c.o)
                              obj/Release/apps/common/key/key_driver.o (symbol from plugin) (timer_get_ms)
../../../../include_lib/liba/br25/cpu.a(debug.c.o)
                              obj/Release/apps/common/update/testbox_update.o (symbol from plugin) (ram_protect_close)
../../../../include_lib/liba/br25/cpu.a(wdt.c.o)
                              obj/Release/cpu/br25/setup.o (symbol from plugin) (wdt_close)
../../../../include_lib/liba/br25/cpu.a(efuse.c.o)
                              obj/Release/cpu/br25/charge.o (symbol from plugin) (get_vbat_trim)
../../../../include_lib/liba/br25/cpu.a(vm.c.o)
                              obj/Release/apps/uplus/src/hal/uplus_hal_flash.o (symbol from plugin) (sfc_erase)
../../../../include_lib/liba/br25/cpu.a(p33.c.o)
                              obj/Release/cpu/br25/adc_api.o (symbol from plugin) (adc_pmu_detect_en)
../../../../include_lib/liba/br25/cpu.a(power_hw.c.o)
                              timer.c.o (symbol from plugin) (low_power_sys_get)
../../../../include_lib/liba/br25/cpu.a(power_wakeup.c.o)
                              power_hw.c.o (symbol from plugin) (__hw_wakeup_port_init)
../../../../include_lib/liba/br25/cpu.a(rtc.c.o)
                              power_wakeup.c.o (symbol from plugin) (rtc_wakup_source)
../../../../include_lib/liba/br25/cpu.a(otg.c.o)
                              obj/Release/apps/common/usb/usb_config.o (symbol from plugin) (usb_otg_suspend)
../../../../include_lib/liba/br25/cpu.a(usb_phy.c.o)
                              obj/Release/apps/common/usb/usb_config.o (symbol from plugin) (usb_read_sofframe)
../../../../include_lib/liba/br25/cpu.a(usb_setup.c.o)
                              obj/Release/apps/common/usb/usb_config.o (symbol from plugin) (usb_device2id)
../../../../include_lib/liba/br25/cpu.a(descriptor.c.o)
                              usb_setup.c.o (symbol from plugin) (get_device_descriptor)
../../../../include_lib/liba/br25/cpu.a(startup.S.o)
                              obj/Release/cpu/br25/chargestore.o (symbol from plugin) (UART_UPDATE_JUMP)
../../../../include_lib/liba/br25/cpu.a(lp_timer_hw.c.o)
                              power_hw.c.o (symbol from plugin) (__hw_nv_timer0_dump)
../../../../include_lib/liba/br25/cpu.a(lrc_hw.c.o)
                              power_hw.c.o (symbol from plugin) (__get_lrc_hz)
../../../../include_lib/liba/br25/cpu.a(misc_hw.c.o)
                              power_hw.c.o (symbol from plugin) (watchdog_close)
../../../../include_lib/liba/br25/system.a(app_core.c.o)
                              obj/Release/apps/spp_and_le/app_main.o (symbol from plugin) (start_app)
../../../../include_lib/liba/br25/system.a(ASCII_lib.c.o)
                              obj/Release/cpu/br25/audio_dec/audio_dec_tone.o (symbol from plugin) (ASCII_StrCmpNoCase)
../../../../include_lib/liba/br25/system.a(circular_buf.c.o)
                              obj/Release/cpu/br25/audio_dec/audio_usb_mic.o (symbol from plugin) (cbuf_read)
../../../../include_lib/liba/br25/system.a(syscfg_api.c.o)
                              obj/Release/cpu/br25/audio_common/app_audio.o (symbol from plugin) (syscfg_read)
../../../../include_lib/liba/br25/system.a(sbrk.c.o)
                              obj/Release/cpu/br25/setup.o (symbol from plugin) (memory_init)
../../../../include_lib/liba/br25/system.a(common.c.o)
                              obj/Release/apps/uplus/src/hal/uplus_hal_systick.o (symbol from plugin) (jiffies_msec)
../../../../include_lib/liba/br25/system.a(port_overwrite.c.o)
                              obj/Release/cpu/br25/setup.o (symbol from plugin) (pcTaskName)
../../../../include_lib/liba/br25/system.a(heap_mmu.c.o)
                              obj/Release/apps/uplus/src/uplus.o (symbol from plugin) (xPortGetFreeHeapSize)
../../../../include_lib/liba/br25/system.a(hwi.c.o)
                              obj/Release/cpu/br25/adc_api.o (symbol from plugin) (request_irq)
../../../../include_lib/liba/br25/system.a(memory.c.o)
                              obj/Release/cpu/br25/audio_dec/audio_dec_tone.o (symbol from plugin) (malloc)
[...]
Memory Configuration

Name             Origin             Length             Attributes
code0            0x01e00120         0x00100000         xr
ram0             0x00010000         0x00021ae0         xrw
*default*        0x00000000         0xffffffff

Linker script and memory map

LOAD obj/Release/cpu/br25/adc_api.o
LOAD ..\..\..\..\cpu\br25\tools\sdk.elf.o
LOAD obj/Release/cpu/br25/audio_common/app_audio.o
LOAD obj/Release/cpu/br25/audio_dec/audio_dec.o
LOAD obj/Release/cpu/br25/audio_dec/audio_dec_midi_ctrl.o
LOAD obj/Release/cpu/br25/audio_dec/audio_dec_midi_file.o
LOAD obj/Release/cpu/br25/audio_dec/audio_dec_pc.o
LOAD obj/Release/cpu/br25/audio_dec/audio_dec_tone.o
LOAD obj/Release/cpu/br25/audio_dec/audio_usb_mic.o
LOAD obj/Release/cpu/br25/audio_dec/tone_player.o
LOAD obj/Release/cpu/br25/audio_enc/audio_adc_demo.o
LOAD obj/Release/cpu/br25/audio_enc/audio_enc.o
LOAD obj/Release/cpu/br25/audio_enc/audio_mic_codec.o
LOAD obj/Release/cpu/br25/charge.o
LOAD obj/Release/cpu/br25/chargebox_hw.o
LOAD obj/Release/cpu/br25/chargestore.o
LOAD obj/Release/cpu/br25/clock_manager.o
LOAD obj/Release/cpu/br25/iic_hw.o
LOAD obj/Release/cpu/br25/iic_soft.o
LOAD obj/Release/cpu/br25/led_spi.o
LOAD obj/Release/cpu/br25/mcpwm.o
LOAD obj/Release/cpu/br25/port_wkup.o
LOAD obj/Release/cpu/br25/pwm_led.o
LOAD obj/Release/cpu/br25/setup.o
LOAD obj/Release/cpu/br25/spi.o
LOAD obj/Release/cpu/br25/uart_dev.o
LOAD obj/Release/cpu/br25/ui_driver/lcd_seg/lcd_seg3x9_driver.o
LOAD obj/Release/cpu/br25/ui_driver/led7/led7_driver.o
LOAD obj/Release/cpu/br25/ui_driver/led7_timer.o
LOAD obj/Release/cpu/br25/ui_driver/LED_1888/LED1888.o
LOAD obj/Release/cpu/br25/ui_driver/ui_common.o
LOAD obj/Release/apps/common/audio/decode/decode.o
LOAD obj/Release/apps/common/audio/sine_make.o
LOAD obj/Release/apps/common/bt_common/bt_test_api.o
LOAD obj/Release/apps/common/cJSON/cJSON.o
LOAD obj/Release/apps/common/debug/debug.o
LOAD obj/Release/apps/common/device/norflash/norflash.o
LOAD obj/Release/apps/common/jl_kws/jl_kws_algo.o
LOAD obj/Release/apps/common/jl_kws/jl_kws_audio.o
LOAD obj/Release/apps/common/jl_kws/jl_kws_event.o
LOAD obj/Release/apps/common/jl_kws/jl_kws_main.o
LOAD obj/Release/apps/common/key/adkey.o
LOAD obj/Release/apps/common/key/iokey.o
LOAD obj/Release/apps/common/key/key_driver.o
LOAD obj/Release/apps/common/key/touch_key.o
LOAD obj/Release/apps/common/third_party_profile/common/custom_cfg.o
LOAD obj/Release/apps/common/third_party_profile/jieli/JL_rcsp/rcsp_bluetooth.o
LOAD obj/Release/apps/common/third_party_profile/jieli/JL_rcsp/rcsp_updata/rcsp_ch_loader_download.o
LOAD obj/Release/apps/common/third_party_profile/jieli/JL_rcsp/rcsp_updata/rcsp_user_update.o
LOAD obj/Release/apps/common/third_party_profile/jieli/le_at_char_client.o
LOAD obj/Release/apps/common/third_party_profile/jieli/le_at_char_com.o
LOAD obj/Release/apps/common/third_party_profile/jieli/le_at_client.o
LOAD obj/Release/apps/common/third_party_profile/jieli/le_at_com.o
LOAD obj/Release/apps/common/third_party_profile/jieli/le_client_demo.o
LOAD obj/Release/apps/common/third_party_profile/jieli/le_nonconn_24g.o
LOAD obj/Release/apps/common/third_party_profile/jieli/multi_demo/le_multi_client.o
LOAD obj/Release/apps/common/third_party_profile/jieli/multi_demo/le_multi_common.o
LOAD obj/Release/apps/common/third_party_profile/jieli/multi_demo/le_multi_trans.o
LOAD obj/Release/apps/common/third_party_profile/jieli/spp_at_com.o
LOAD obj/Release/apps/common/third_party_profile/jieli/trans_data_demo/le_beacon.o
LOAD obj/Release/apps/common/third_party_profile/jieli/trans_data_demo/le_trans_data.o
LOAD obj/Release/apps/common/third_party_profile/jieli/trans_data_demo/spp_trans_data.o
LOAD obj/Release/apps/common/third_party_profile/Tecent_LL/tecent_ll_demo/ll_demo.o
LOAD obj/Release/apps/common/third_party_profile/Tecent_LL/tecent_ll_demo/ll_task.o
LOAD obj/Release/apps/common/third_party_profile/Tecent_LL/tecent_protocol/ble_qiot_import.o
LOAD obj/Release/apps/common/third_party_profile/Tecent_LL/tecent_protocol/ble_qiot_llsync_data.o
LOAD obj/Release/apps/common/third_party_profile/Tecent_LL/tecent_protocol/ble_qiot_llsync_device.o
LOAD obj/Release/apps/common/third_party_profile/Tecent_LL/tecent_protocol/ble_qiot_llsync_event.o
LOAD obj/Release/apps/common/third_party_profile/Tecent_LL/tecent_protocol/ble_qiot_llsync_ota.o
LOAD obj/Release/apps/common/third_party_profile/Tecent_LL/tecent_protocol/ble_qiot_service.o
LOAD obj/Release/apps/common/third_party_profile/Tecent_LL/tecent_protocol/ble_qiot_template.o
LOAD obj/Release/apps/common/third_party_profile/Tecent_LL/tecent_protocol/ble_qiot_utils_base64.o
LOAD obj/Release/apps/common/third_party_profile/Tecent_LL/tecent_protocol/ble_qiot_utils_crc.o
LOAD obj/Release/apps/common/third_party_profile/Tecent_LL/tecent_protocol/ble_qiot_utils_hmac.o
LOAD obj/Release/apps/common/third_party_profile/Tecent_LL/tecent_protocol/ble_qiot_utils_log.o
LOAD obj/Release/apps/common/third_party_profile/Tecent_LL/tecent_protocol/ble_qiot_utils_md5.o
LOAD obj/Release/apps/common/third_party_profile/Tecent_LL/tecent_protocol/ble_qiot_utils_sha1.o
LOAD obj/Release/apps/common/update/testbox_update.o
LOAD obj/Release/apps/common/update/uart_update.o
LOAD obj/Release/apps/common/update/uart_update_master.o
LOAD obj/Release/apps/common/update/update.o
LOAD obj/Release/apps/common/usb/device/cdc.o
LOAD obj/Release/apps/common/usb/device/descriptor.o
LOAD obj/Release/apps/common/usb/device/hid.o
LOAD obj/Release/apps/common/usb/device/msd.o
LOAD obj/Release/apps/common/usb/device/msd_upgrade.o
LOAD obj/Release/apps/common/usb/device/task_pc.o
LOAD obj/Release/apps/common/usb/device/uac1.o
LOAD obj/Release/apps/common/usb/device/uac_stream.o
LOAD obj/Release/apps/common/usb/device/usb_device.o
LOAD obj/Release/apps/common/usb/device/user_setup.o
LOAD obj/Release/apps/common/usb/host/adb.o
LOAD obj/Release/apps/common/usb/host/aoa.o
LOAD obj/Release/apps/common/usb/host/audio.o
LOAD obj/Release/apps/common/usb/host/audio_demo.o
LOAD obj/Release/apps/common/usb/host/hid.o
LOAD obj/Release/apps/common/usb/host/usb_bulk_transfer.o
LOAD obj/Release/apps/common/usb/host/usb_ctrl_transfer.o
LOAD obj/Release/apps/common/usb/host/usb_host.o
LOAD obj/Release/apps/common/usb/host/usb_storage.o
LOAD obj/Release/apps/common/usb/usb_config.o
LOAD obj/Release/apps/common/usb/usb_host_config.o
LOAD obj/Release/apps/uplus/app_haier.o
LOAD obj/Release/apps/uplus/haier.o
LOAD obj/Release/apps/uplus/src/hal/uplus_hal_cli.o
LOAD obj/Release/apps/uplus/src/hal/uplus_hal_flash.o
LOAD obj/Release/apps/uplus/src/hal/uplus_hal_gpio.o
LOAD obj/Release/apps/uplus/src/hal/uplus_hal_pwr_mgmt.o
LOAD obj/Release/apps/uplus/src/hal/uplus_hal_rtc.o
LOAD obj/Release/apps/uplus/src/hal/uplus_hal_systick.o
LOAD obj/Release/apps/uplus/src/hal/uplus_hal_uart.o
LOAD obj/Release/apps/uplus/src/hal/uplus_hal_wdt.o
LOAD obj/Release/apps/uplus/src/le_uplus.o
LOAD obj/Release/apps/uplus/src/pal/uplus_pal_ble.o
LOAD obj/Release/apps/uplus/src/pal/uplus_pal_sys.o
LOAD obj/Release/apps/uplus/src/pal/uplus_pal_timer.o
LOAD obj/Release/apps/uplus/src/uplus.o
LOAD obj/Release/apps/uplus/src/uplus_user_ota.o
LOAD obj/Release/apps/spp_and_le/app_at_char_com.o
LOAD obj/Release/apps/spp_and_le/app_at_com.o
LOAD obj/Release/apps/spp_and_le/app_charge.o
LOAD obj/Release/apps/spp_and_le/app_chargestore.o
LOAD obj/Release/apps/spp_and_le/app_dongle.o
LOAD obj/Release/apps/spp_and_le/app_idle.o
LOAD obj/Release/apps/spp_and_le/app_main.o
LOAD obj/Release/apps/spp_and_le/app_multi_conn.o
LOAD obj/Release/apps/spp_and_le/app_power_manage.o
LOAD obj/Release/apps/spp_and_le/app_spp_and_le.o
LOAD obj/Release/apps/spp_and_le/at_char_cmds.o
LOAD obj/Release/apps/spp_and_le/at_char_uart.o
LOAD obj/Release/apps/spp_and_le/at_cmds.o
LOAD obj/Release/apps/spp_and_le/at_uart.o
LOAD obj/Release/apps/spp_and_le/lib_config/lib_btctrler_config.o
LOAD obj/Release/apps/spp_and_le/lib_config/lib_btstack_config.o
LOAD obj/Release/apps/spp_and_le/lib_config/lib_driver_config.o
LOAD obj/Release/apps/spp_and_le/lib_config/lib_media_config.o
LOAD obj/Release/apps/spp_and_le/lib_config/lib_profile_config.o
LOAD obj/Release/apps/spp_and_le/lib_config/lib_system_config.o
LOAD obj/Release/apps/spp_and_le/lib_config/lib_update_config.o
LOAD obj/Release/apps/spp_and_le/log_config.o
LOAD obj/Release/apps/spp_and_le/misc.o
LOAD obj/Release/apps/spp_and_le/rtc_alarm.o
LOAD obj/Release/apps/spp_and_le/usb_hid_devices.o
LOAD obj/Release/apps/spp_and_le/user_cfg.o
LOAD obj/Release/apps/spp_and_le/version.o
LOAD obj/Release/apps/spp_and_le/board/br25/board_ac636n_demo.o
LOAD obj/Release/apps/spp_and_le/board/br25/uplus_trans.o
START GROUP
LOAD ../../../../include_lib/liba/br25/cpu.a
LOAD ../../../../include_lib/liba/br25/system.a
LOAD ../../../../include_lib/liba/br25/btstack.a
LOAD ../../../../include_lib/liba/br25/btctrler.a
LOAD ../../../../include_lib/liba/br25/crypto_toolbox_Osize.a
LOAD ../../../../include_lib/liba/br25/agreement.a
LOAD ../../../../include_lib/liba/br25/rcsp_stack.a
LOAD ../../../../include_lib/liba/br25/JL_Phone_Call.a
LOAD ../../../../include_lib/liba/br25/math.a
END GROUP
LOAD ../../../../include_lib/liba/br25/media.a
LOAD ../../../../include_lib/liba/br25/media_app.a
LOAD ../../../../include_lib/liba/br25/opus_enc_lib.a
LOAD ../../../../include_lib/liba/br25/speex_enc_lib.a
LOAD ../../../../include_lib/liba/br25/bfilterfun_lib.a
LOAD ../../../../include_lib/liba/br25/wtg_dec_lib.a
LOAD ../../../../include_lib/liba/br25/wtgv2_dec_lib.a
LOAD ../../../../include_lib/liba/br25/wav_dec_lib.a
LOAD ../../../../include_lib/liba/br25/lib_midi_dec.a
LOAD ../../../../include_lib/liba/br25/update.a
                0x00117d40                local_irq_enable_rom = 0x117d40
                0x00117d44                local_irq_disable_rom = 0x117d44
                0x00117d48                p33_buf = 0x117d48
                0x00117d4c                p33_xor_1byte = 0x117d4c
                0x00117d50                p33_and_1byte = 0x117d50
                0x00117d54                p33_or_1byte = 0x117d54
                0x00117d58                p33_tx_1byte = 0x117d58
                0x00117d5c                p33_rx_1byte = 0x117d5c
                0x00117d60                P33_CON_SET = 0x117d60
                0x00117d64                os_init = 0x117d64
                0x00117d68                os_start = 0x117d68
                0x00117d6c                os_get_curr_tcb_var = 0x117d6c
                0x00117d70                os_task_create = 0x117d70
                0x00117d74                os_current_task_rom = 0x117d74
                0x00117d78                os_time_dly = 0x117d78
                0x00117d7c                os_time_get = 0x117d7c
                0x00117d80                os_task_del_req = 0x117d80
                0x00117d84                os_task_del_res = 0x117d84
                0x00117d88                os_task_del = 0x117d88
                0x00117d8c                __os_taskq_pend = 0x117d8c
                0x00117d90                os_taskq_pend = 0x117d90
                0x00117d94                os_task_pend = 0x117d94
                0x00117d98                __os_taskq_post_rom = 0x117d98
                0x00117da4                os_taskq_flush_rom = 0x117da4
                0x00117db4                os_taskq_accept = 0x117db4
                0x00117db8                os_taskq_del_rom = 0x117db8
                0x00117dbc                os_taskq_del_type = 0x117dbc
                0x00117dc0                os_sem_create = 0x117dc0
                0x00117dc4                os_sem_del = 0x117dc4
                0x00117dc8                os_sem_pend_rom = 0x117dc8
                0x00117dcc                os_sem_post = 0x117dcc
                0x00117dd0                os_sem_set = 0x117dd0
                0x00117dd4                os_sem_valid = 0x117dd4
                0x00117dd8                os_sem_query = 0x117dd8
                0x00117ddc                os_mutex_create = 0x117ddc
                0x00117de0                os_mutex_del = 0x117de0
                0x00117de4                os_mutex_pend_rom = 0x117de4
                0x00117de8                os_mutex_post_rom = 0x117de8
                0x00117dec                os_mutex_valid = 0x117dec
                0x00117df0                xTaskCreate = 0x117df0
                0x00117df4                xTaskGetCurrentTaskHandle = 0x117df4
                0x00117df8                xTaskGetTickCount = 0x117df8
                0x00117dfc                xTaskGetHandle = 0x117dfc
                0x00117e00                vTaskDelete = 0x117e00
                0x00117e04                xTaskGetApplicationTaskTag = 0x117e04
                0x00117e08                vTaskSetApplicationTaskTag = 0x117e08
                0x00117e0c                xQueueGenericCreateStatic = 0x117e0c
                0x00117e10                xQueueGenericReset = 0x117e10
                0x00117e14                xQueueGenericSend = 0x117e14
                0x00117e18                xQueueGenericSendFromISR = 0x117e18
                0x00117e1c                xQueueGenericReceive = 0x117e1c
                0x00117e20                xQueueReceiveFromISR = 0x117e20
                0x00117e24                vQueueDelete = 0x117e24
                0x00117e28                uxQueueMessagesWaiting = 0x117e28
                0x00117e2c                uxQueueMessagesWaitingFromISR = 0x117e2c
                0x00117e30                uxQueueSpacesAvailable = 0x117e30
                0x00117e34                pcTaskGetName = 0x117e34
                0x00117e38                prvGetExpectedIdleTime = 0x117e38
                0x00117e3c                eTaskConfirmSleepModeStatus = 0x117e3c
                0x00117e40                vTaskStepTick = 0x117e40
                0x00117e44                pxPortInitialiseStack = 0x117e44
                0x00117e48                xPortStartScheduler = 0x117e48
                0x00117e4c                vPortEndScheduler = 0x117e4c
                0x00117e50                vPortYield = 0x117e50
                0x00117e54                vPortExitCritical = 0x117e54
                0x00117e58                OS_ClrPending = 0x117e58
                0x00117e5c                vTickISR = 0x117e5c
                0x00117e60                pmalloc_init = 0x117e60
                0x00117e64                pmalloc = 0x117e64
                0x00117e68                pfree = 0x117e68
                0x00117e6c                pmalloc_get_unused_pages = 0x117e6c
                0x00117e70                get_physic_address = 0x117e70
                0x00117e74                pmm_get_var = 0x117e74
                0x00117e78                vmm_init_ = 0x117e78
                0x00117e7c                vmalloc_ = 0x117e7c
                0x00117e80                vfree_ = 0x117e80
                0x00117e84                vmem_get_phy_adr = 0x117e84
                0x00117e88                vmem_start = 0x117e88
                0x00117e8c                vmem_end = 0x117e8c
                0x00117e90                vmm_get_var = 0x117e90
                0x00117e94                vmalloc_v2 = 0x117e94
                0x00117e98                vfree_v2 = 0x117e98
                0x00117e9c                vcopy_ = 0x117e9c
                0x00117ea0                get_cvsd_codec_ops = 0x117ea0
                0x00117ea4                VecPlus_fix_r_r_r = 0x117ea4
                0x00117ea8                VecMinus_fix_r_r_r = 0x117ea8
                0x00117eac                VecDiv_fix_r_r_r = 0x117eac
                0x00117eb0                VecEleMul_fix_r_r_r = 0x117eb0
                0x00117eb4                VecEleMul_fix_c_r_c = 0x117eb4
                0x00117eb8                VecMagAndDiv_fix = 0x117eb8
                0x00117ebc                VecCopy_fix_r_r = 0x117ebc
                0x00117ec0                VecConjEleMulAndDiv_fix = 0x117ec0
                0x00117ec4                VecRecurAvg_fix = 0x117ec4
                0x00117ec8                VecConjRecurAvg_fix = 0x117ec8
                0x00117ecc                VecMagRecurAvg_fix = 0x117ecc
                0x00117ed0                VecPlusMulScalar_fix = 0x117ed0
                0x00117ed4                VecGetMag_fix = 0x117ed4
                0x00117ed8                VecMax_fix_v_s = 0x117ed8
                0x00117edc                VecMin_fix_v_s = 0x117edc
                0x00117ee0                VecOppos_fix = 0x117ee0
                0x00117ee4                VecMean_fix = 0x117ee4
                0x00117ee8                VecMeanSq_fix_c = 0x117ee8
                0x00117eec                VecRequanByMax_fix_r = 0x117eec
                0x00117ef0                VecRequanByMax_fix_c = 0x117ef0
                0x00117ef4                VecEleShift_fix_c = 0x117ef4
                0x00117ef8                VecOvShift_fix = 0x117ef8
                0x00117efc                VecCopy_fix_r_c = 0x117efc
                0x00117f00                VecMeanSq_fix_r = 0x117f00
                0x00117f04                VecEleShift_fix_r = 0x117f04
                0x00117f08                logAprx_fix = 0x117f08
                0x00117f0c                expAprx_fix = 0x117f0c
                0x00117f10                sqrtAprx_fix = 0x117f10
                0x00117f14                VecEleMul_s16_s16_s32 = 0x117f14
                0x00117f18                VecEleMul_s16_s32_s16 = 0x117f18
                0x00117f1c                VecEleMul_s32_s16_s32 = 0x117f1c
                0x00117f20                VecOvShift_s16_s16 = 0x117f20
                0x00117f24                VecOvShift_s16_s32 = 0x117f24
                0x00117f28                VecCopy_s16_s32 = 0x117f28
                0x00117f2c                VecCopy_s32_s16 = 0x117f2c
                0x00117f30                VecMinus_s16_s32_s32 = 0x117f30
                0x00117f34                VecMeanSq_s16_s32 = 0x117f34
                0x00117f38                CircVecArrEwMulAndSum_fix = 0x117f38
                0x00117f3c                B_fir_cal_s = 0x117f3c
                0x00117f40                B_array_vol = 0x117f40
                0x00117f44                B_Syn_filt = 0x117f44
                0x00117f48                B_Residu = 0x117f48
                0x00117f4c                B_comput_correlataionS = 0x117f4c
                0x00117f50                B_iircal = 0x117f50
                0x00117f54                repair_corefun_corr = 0x117f54
                0x00117f58                repair_corefun_mixdata = 0x117f58
                0x00117f5c                get_repair_api = 0x117f5c
                0x00117f60                firfft = 0x117f60
                0x00117f64                firifft = 0x117f64
                0x00117f68                _rfifft_wrap = 0x117f68
                0x00117f6c                _rififft_wrap = 0x117f6c
                0x00117f70                memmem = 0x117f70
                0x00117f74                memcpy = 0x117f74
                0x00117f78                memmove = 0x117f78
                0x00117f7c                memcmp = 0x117f7c
                0x00117f80                memset = 0x117f80
                0x00117f84                strcmp = 0x117f84
                0x00117f88                strcpy = 0x117f88
                0x00117f8c                strlen = 0x117f8c
                0x00117f90                strncmp = 0x117f90
                0x00117f94                strstr = 0x117f94
                0x00117f98                strchr = 0x117f98
                0x00117f9c                __fixdfsi = 0x117f9c
                0x00117fa0                __fixsfsi = 0x117fa0
                0x00117fa4                spi_get_port = 0x117fa4
                0x00117fa8                spi_set_port = 0x117fa8
                0x00117fac                sfc_suspend = 0x117fac
                0x00117fb0                sfc_resume = 0x117fb0
                0x00117fb4                sfc_drop_cache = 0x117fb4
                0x00117fb8                chip_crc16 = 0x117fb8
                0x00117fbc                CrcDecode = 0x117fbc
                0x00117fc0                mask_init = 0x117fc0
                0x00117fc4                wdt_clr = 0x117fc4
                0x00117fc8                nvram_set_boot_state = 0x117fc8
                0x00117fcc                chip_reset = 0x117fcc
                0x00117fd0                the_debug_isr = 0x117fd0
                0x00117fd4                flash_poweron = 0x117fd4
                0x00117fdc                print = 0x117fdc
                0x00117fe0                sprintf = 0x117fe0
                0x00117fe8                puts = 0x117fe8
                0x00117fec                doe = 0x117fec
                0x00117ff0                LZ4_setStreamDecode = 0x117ff0
                0x00117ff4                LZ4_decompress_safe_continue = 0x117ff4
                0x00117ff8                LZ4_decompress_generic = 0x117ff8
                0x00117ffc                LZ4_decompress_safe_usingDict = 0x117ffc
                0x00110f60                bsinc_tab_6 = 0x110f60
                0x001111a4                bsinc_tab_6_l = 0x1111a4
                0x00110c60                ans_win = 0x110c60
                0x00110d60                nlp_win = 0x110d60
                0x00115f48                iCos_Tab = 0x115f48
                0x00110060                WOLA_ANA_128 = 0x110060
                0x00110460                WOLA_ANA_64 = 0x110460
                0x00110660                WOLA_SYN_128 = 0x110660
                0x00110a60                WOLA_SYN_64 = 0x110a60
                0x00031f00                _IRQ_MEM_ADDR = 0x31f00
                0x00031b60                _MASK_MEM_BEGIN = 0x31b60
                0x00000318                _MASK_MEM_SIZE = 0x318
                0x00000080                UPDATA_SIZE = 0x80
                0x00031ae0                UPDATA_BEG = (_MASK_MEM_BEGIN - UPDATA_SIZE)
                0x000f9000                UPDATA_BREDR_BASE_BEG = 0xf9000
                0x00010000                RAM_LIMIT_L = 0x10000
                0x00031ae0                RAM_LIMIT_H = UPDATA_BEG
                0x00021ae0                PHY_RAM_SIZE = (RAM_LIMIT_H - RAM_LIMIT_L)
                0x00031f00                ISR_BASE = _IRQ_MEM_ADDR
                0x00000318                ROM_RAM_SIZE = _MASK_MEM_SIZE
                0x00031b60                ROM_RAM_BEG = _MASK_MEM_BEGIN
                0x00010000                RAM_BEGIN = RAM_LIMIT_L
                0x00031ae0                RAM_END = RAM_LIMIT_H
                0x00021ae0                RAM_SIZE = (RAM_END - RAM_BEGIN)
                0x00000003                MIC_EFFECT_EQ_SECTION = 0x3
                0x0000000d                EQ_SECTION_NUM = (0xa + MIC_EFFECT_EQ_SECTION)
                0x01e00120                . = ORIGIN (code0)

.text           0x01e00120    0x49608
                0x01e00120                PROVIDE (flash_code_begin, .)
 *(.startup.text)
 .startup.text  0x01e00120       0x7e ../../../../include_lib/liba/br25/cpu.a(startup.S.o)
                0x01e00120                _start
                0x01e0019e                bank_stub_start = .
 *(.bank.stub.*)
                0x00000000                bank_stub_size = (. - bank_stub_start)
                0x01e001a0                . = ALIGN (0x4)
 *fill*         0x01e0019e        0x2 
 *(.dts_dec_const)
 *(.dts_const)
 *(.dts_dec_code)
 *(.dts_code)
 *(.dts_dec_sparse_code)
 *(.dts_dec_sparse_const)
 *(.dts_dec_ff_const)
                0x01e001a0                . = ALIGN (0x4)
 *(.m4a_const)
 *(.m4a_code)
 *(.m4a_dec_const)
 *(.m4a_dec_code)
 *(.m4a_dec_sparse_code)
 *(.m4a_dec_sparse_const)
 *(.m4a_dec_ff_const)
                0x01e001a0                . = ALIGN (0x4)
 *(.aac_const)
 *(.aac_code)
 *(.bt_aac_dec_eng_const)
 *(.bt_aac_dec_eng_code)
 *(.bt_aac_dec_core_code)
 *(.bt_aac_dec_core_sparse_code)
                0x01e001a0                . = ALIGN (0x4)
 *(.alac_const)
 *(.alac_code)
                0x01e001a0                . = ALIGN (0x4)
                0x01e001a0                clock_critical_handler_begin = .
 *(.clock_critical_txt)
 .clock_critical_txt
                0x01e001a0       0x30 ..\..\..\..\cpu\br25\tools\sdk.elf.o
                0x01e001a0                clock_chargestore
                0x01e001a8                clock_ct
                0x01e001b0                clock_uart
                0x01e001b8                clock_timer
                0x01e001c0                clock_lrc
                0x01e001c8                clock_port
                0x01e001d0                clock_critical_handler_end = .
                0x01e001d0                . = ALIGN (0x4)
                0x01e001d0                gsensor_dev_begin = .
 *(.gsensor_dev)
                0x01e001d0                gsensor_dev_end = .
                0x01e001d0                . = ALIGN (0x4)
                0x01e001d0                OMSensor_dev_begin = .
 *(.omsensor_dev)
                0x01e001d0                OMSensor_dev_end = .
                0x01e001d0                . = ALIGN (0x4)
                0x01e001d0                fm_dev_begin = .
 *(.fm_dev)
                0x01e001d0                fm_dev_end = .
                0x01e001d0                . = ALIGN (0x4)
                0x01e001d0                fm_emitter_dev_begin = .
 *(.fm_emitter_dev)
                0x01e001d0                fm_emitter_dev_end = .
                0x01e001d0                . = ALIGN (0x4)
                0x01e001d0                adapter_idev_begin = .
 *(.adapter_idev)
                0x01e001d0                adapter_idev_end = .
                0x01e001d0                . = ALIGN (0x4)
                0x01e001d0                adapter_odev_begin = .
 *(.adapter_odev)
                0x01e001d0                adapter_odev_end = .
                0x01e001d0                . = ALIGN (0x4)
                0x01e001d0                adapter_enc_begin = .
 *(.adapter_enc)
                0x01e001d0                adapter_enc_end = .
                0x01e001d0                . = ALIGN (0x4)
                0x01e001d0                adapter_decoder_begin = .
 *(.adapter_decoder)
                0x01e001d0                adapter_decoder_end = .
                0x01e001d0                . = ALIGN (0x4)
                0x01e001d0                adapter_encoder_begin = .
 *(.adapter_encoder)
                0x01e001d0                adapter_encoder_end = .
 *(.usr_timer_const)
 *(.usr_timer_code)
 .usr_timer_code
                0x01e001d0      0x2ee ..\..\..\..\cpu\br25\tools\sdk.elf.o
 *(.timer_const)
 *fill*         0x01e004be        0x2 
 .timer_const   0x01e004c0       0x64 ..\..\..\..\cpu\br25\tools\sdk.elf.o
 *(.timer_code)
 .timer_code    0x01e00524      0x13e ..\..\..\..\cpu\br25\tools\sdk.elf.o
 *(.cbuf_const)
 *(.cbuf_code)
 .cbuf_code     0x01e00662       0xee ..\..\..\..\cpu\br25\tools\sdk.elf.o
 *(.fm_data_code)
 *(.fm_data_const)
                0x01e00750                . = ALIGN (0x4)
                0x01e00750                . = ALIGN (0x4)
 *(.gpio_ram)
 .gpio_ram      0x01e00750      0x2c4 ..\..\..\..\cpu\br25\tools\sdk.elf.o
                0x01e00a14                . = ALIGN (0x4)
 *(.LED_code)
                0x01e00a14                . = ALIGN (0x4)
 *(.LED_const)
                0x01e00a14                . = ALIGN (0x4)
 *(.bfilt_code)
 *(.bfilt_table_maskroom)
                0x01e00a14                . = ALIGN (0x4)
                0x01e00a14                __VERSION_BEGIN = .
 *(.sys.version)
 .sys.version   0x01e00a14       0x20 ../../../../include_lib/liba/br25/btctrler.a(version.z.o)
                0x01e00a14                lib_btctler_version
 .sys.version   0x01e00a34       0x1e ../../../../include_lib/liba/br25/update.a(version.z.o)
                0x01e00a34                lib_update_version
                0x01e00a52                __VERSION_END = .
 *(.noop_version)
                0x01e00a54                . = ALIGN (0x4)
 *fill*         0x01e00a52        0x2 
 *(.tech_lib.aec.text)
                0x01e00a54                . = ALIGN (0x4)
                0x01e00a54                btstack_code_start = .
                0x01e00a54                . = ALIGN (0x4)
                0x01e00a54                a2dp_source_media_codec_begin = .
 *(.a2dp_source_media_codec)
                0x01e00a54                a2dp_source_media_codec_end = .
                0x01e00a54                a2dp_sink_media_probe_begin = .
 *(.a2dp_sink_media_probe)
                0x01e00a54                a2dp_sink_media_probe_end = .
                0x01e00a54                a2dp_sink_media_codec_begin = .
 *(.a2dp_sink_media_codec)
                0x01e00a54                a2dp_sink_media_codec_end = .
                0x01e00a54                a2dp_event_handler_begin = .
 *(.a2dp_event_handler)
 .a2dp_event_handler
                0x01e00a54       0x1c ..\..\..\..\cpu\br25\tools\sdk.elf.o
                0x01e00a54                a2dp_sink_event_handler
                0x01e00a70                a2dp_event_handler_end = .
                0x01e00a70                sdp_record_item_begin = .
 *(.sdp_record_item)
                0x01e00a70                sdp_record_item_end = .
                0x01e00a70                bt_sleep_begin = .
 *(.bt_sleep)
 .bt_sleep      0x01e00a70       0x60 ..\..\..\..\cpu\br25\tools\sdk.elf.o
                0x01e00a70                bt_suspend_user_cmd_loop_resumeuser_cmd_loop_release
                0x01e00a7c                bt_suspend_a2dp_resumea2dp_release
                0x01e00a88                bt_suspend_avctp_resumeavctp_release
                0x01e00a94                bt_suspend_hfp_resumehfp_release
                0x01e00aa0                bt_suspend_hid_resumehid_release
                0x01e00aac                bt_suspend_spp_resumespp_release
                0x01e00ab8                bt_suspend_sdp_resumesdp_release
                0x01e00ac4                bt_suspend_iap_resumeiap_release
                0x01e00ad0                bt_sleep_end = .
 *(.bt_stack_const)
 .bt_stack_const
                0x01e00ad0       0x88 ..\..\..\..\cpu\br25\tools\sdk.elf.o
 *(.bt_stack_code)
 .bt_stack_code
                0x01e00b58     0x362c ..\..\..\..\cpu\br25\tools\sdk.elf.o
 *(.ble_db_const)
 *(.ble_db_code)
 *(.ble_sm_const)
 *(.ble_sm_code)
 .ble_sm_code   0x01e04184       0x3c ..\..\..\..\cpu\br25\tools\sdk.elf.o
 *(.ble_att_const)
 .ble_att_const
                0x01e041c0       0x17 ..\..\..\..\cpu\br25\tools\sdk.elf.o
 *(.ble_att_code)
 *fill*         0x01e041d7        0x1 
 .ble_att_code  0x01e041d8      0x644 ..\..\..\..\cpu\br25\tools\sdk.elf.o
 *(.ble_gatt_const)
 *(.ble_gatt_code)
 .ble_gatt_code
                0x01e0481c      0x81c ..\..\..\..\cpu\br25\tools\sdk.elf.o
                0x01e05038                BTSTACK_LE_HOST_MESH_CODE_START = .
 *(.ble_mesh_code)
 *(.ble_mesh_tinycrypt_code)
 *(.ble_mesh_const)
 *(.ble_mesh_tinycrypt_const)
                0x00000000                BTSTACK_LE_HOST_MESH_CODE_SIZE = ABSOLUTE ((. - BTSTACK_LE_HOST_MESH_CODE_START))
                0x01e05038                btstack_code_end = .
                0x01e05038                . = ALIGN (0x4)
                0x000045e4                BTSTACK_CODE_TOTAL_SIZE = (btstack_code_end - btstack_code_start)
                0x01e05038                . = ALIGN (0x4)
                0x01e05038                . = ALIGN (0x4)
                0x01e05038                system_text_start = .
                0x01e05038                _device_node_begin = .
                0x01e05038                PROVIDE (device_node_begin, .)
 *(.device)
                0x01e05038                _device_node_end = .
                0x01e05038                PROVIDE (device_node_end, .)
                0x01e05038                config_target_begin = .
                [!provide]                PROVIDE (config_target_begin, .)
 *(.config_target)
 .config_target
                0x01e05038        0x8 ..\..\..\..\cpu\br25\tools\sdk.elf.o
                0x01e05038                eq_config_target
                0x01e05040                config_target_end = .
                [!provide]                PROVIDE (config_target_end, .)
                0x01e05040                system_code_begin = .
 *(.system.*.text)
 .system.cpu.text
                0x01e05040     0x104c ..\..\..\..\cpu\br25\tools\sdk.elf.o
                0x01e0506a                hw_mmu_disable
                0x01e0559a                vFillingTaskStack
                0x01e055c8                maskrom_init
 .system.printf.text
                0x01e0608c      0x590 ..\..\..\..\cpu\br25\tools\sdk.elf.o
 .system.lbuf.text
                0x01e0661c      0x79a ..\..\..\..\cpu\br25\tools\sdk.elf.o
 .system.cbuf.text
                0x01e06db6        0xe ..\..\..\..\cpu\br25\tools\sdk.elf.o
 .system.event.text
                0x01e06dc4      0x3fc ..\..\..\..\cpu\br25\tools\sdk.elf.o
 .system.task.text
                0x01e071c0       0x94 ..\..\..\..\cpu\br25\tools\sdk.elf.o
 .system.init.text
                0x01e07254      0xd6e ..\..\..\..\cpu\br25\tools\sdk.elf.o
                0x01e0725e                boot_info_init
                0x01e07288                main
 .system.timer.text
                0x01e07fc2      0x3d8 ..\..\..\..\cpu\br25\tools\sdk.elf.o
 .system.cfg_tool.text
                0x01e0839a      0x6e8 ..\..\..\..\cpu\br25\tools\sdk.elf.o
 .system.fs.text
                0x01e08a82      0xa4e ..\..\..\..\cpu\br25\tools\sdk.elf.o
 .system.app_core.text
                0x01e094d0      0x1d2 ..\..\..\..\cpu\br25\tools\sdk.elf.o
 .system.ascii.text
                0x01e096a2       0x3a ..\..\..\..\cpu\br25\tools\sdk.elf.o
 .system.device.text
                0x01e096dc       0xc6 ..\..\..\..\cpu\br25\tools\sdk.elf.o
                0x01e097a2                system_code_end = .
                0x01e097a4                . = ALIGN (0x4)
 *fill*         0x01e097a2        0x2 
                0x00004762                system_code_size = (system_code_end - system_code_begin)
                0x01e097a4                vfs_ops_begin = .
 *(.vfs_operations)
 .vfs_operations
                0x01e097a4       0x74 ..\..\..\..\cpu\br25\tools\sdk.elf.o
                0x01e097a4                sdfile_vfs_ops
                0x01e09818                vfs_ops_end = .
                0x01e09818                _lib_version_begin = .
                [!provide]                PROVIDE (lib_version_begin, .)
 *(.lib_version)
 .lib_version   0x01e09818        0x4 ..\..\..\..\cpu\br25\tools\sdk.elf.o
                0x01e09818                __version_sdfile
                0x01e0981c                _lib_version_end = .
                [!provide]                PROVIDE (lib_version_end, .)
                0x01e0981c                _initcall_begin = .
                0x01e0981c                PROVIDE (initcall_begin, .)
 *(.initcall)
 .initcall      0x01e0981c        0x4 ..\..\..\..\cpu\br25\tools\sdk.elf.o
                0x01e0981c                __initcall_app_update_init
                0x01e09820                _initcall_end = .
                0x01e09820                PROVIDE (initcall_end, .)
                0x01e09820                _early_initcall_begin = .
                0x01e09820                PROVIDE (early_initcall_begin, .)
 *(.early.initcall)
 .early.initcall
                0x01e09820        0x8 ..\..\..\..\cpu\br25\tools\sdk.elf.o
                0x01e09820                __initcall_sys_event_init
                0x01e09824                __initcall_sdfile_init
                0x01e09828                _early_initcall_end = .
                0x01e09828                PROVIDE (early_initcall_end, .)
                0x01e09828                _late_initcall_begin = .
                0x01e09828                PROVIDE (late_initcall_begin, .)
 *(.late.initcall)
 .late.initcall
                0x01e09828        0x4 ..\..\..\..\cpu\br25\tools\sdk.elf.o
                0x01e09828                __initcall_sdk_meky_check
                0x01e0982c                _late_initcall_end = .
                0x01e0982c                PROVIDE (late_initcall_end, .)
                0x01e0982c                _platform_initcall_begin = .
                0x01e0982c                PROVIDE (platform_initcall_begin, .)
 *(.platform.initcall)
 .platform.initcall
                0x01e0982c        0x4 ..\..\..\..\cpu\br25\tools\sdk.elf.o
                0x01e0982c                __initcall_syscfg_tools_init
                0x01e09830                _platform_initcall_end = .
                0x01e09830                PROVIDE (platform_initcall_end, .)
                0x01e09830                _module_initcall_begin = .
                0x01e09830                PROVIDE (module_initcall_begin, .)
 *(.module.initcall)
                0x01e09830                _module_initcall_end = .
                0x01e09830                PROVIDE (module_initcall_end, .)
                0x01e09830                _sys_event_handler_begin = .
                0x01e09830                PROVIDE (sys_event_handler_begin, .)
 *(.sys_event.4.handler)
 .sys_event.4.handler
                0x01e09830        0x8 ..\..\..\..\cpu\br25\tools\sdk.elf.o
                0x01e09830                __event_handler_tws_key_event_handler
 *(.sys_event.3.handler)
 *(.sys_event.2.handler)
 *(.sys_event.1.handler)
 *(.sys_event.0.handler)
                0x01e09838                _sys_event_handler_end = .
                0x01e09838                PROVIDE (sys_event_handler_end, .)
                0x01e09838                _syscfg_arg_begin = .
                [!provide]                PROVIDE (syscfg_arg_begin, .)
 *(.syscfg.arg)
                0x01e09838                _syscfg_arg_end = .
                [!provide]                PROVIDE (syscfg_arg_end, .)
                0x01e09838                _syscfg_handler_begin = .
                [!provide]                PROVIDE (syscfg_handler_begin, .)
 *(.syscfg.handler)
                0x01e09838                _syscfg_handler_end = .
                [!provide]                PROVIDE (syscfg_handler_end, .)
                0x01e09838                _syscfg_ops_begin = .
                0x01e09838                PROVIDE (syscfg_ops_begin, .)
 *(.syscfg.2.ops)
 .syscfg.2.ops  0x01e09838       0x1c ..\..\..\..\cpu\br25\tools\sdk.elf.o
                0x01e09838                cfg_btif
 *(.syscfg.1.ops)
 .syscfg.1.ops  0x01e09854       0x1c ..\..\..\..\cpu\br25\tools\sdk.elf.o
                0x01e09854                cfg_vm
 *(.syscfg.0.ops)
 .syscfg.0.ops  0x01e09870       0x1c ..\..\..\..\cpu\br25\tools\sdk.elf.o
                0x01e09870                cfg_bin
                0x01e0988c                _syscfg_ops_end = .
                0x01e0988c                PROVIDE (syscfg_ops_end, .)
                0x01e0988c                _server_info_begin = .
                [!provide]                PROVIDE (server_info_begin, .)
 *(.server_info)
                0x01e0988c                _server_info_end = .
                [!provide]                PROVIDE (server_info_end, .)
                0x01e0988c                _bus_device_begin = .
                [!provide]                PROVIDE (bus_device_begin, .)
 *(.bus_device)
                0x01e0988c                _bus_device_end = .
                [!provide]                PROVIDE (bus_device_end, .)
                0x01e0988c                _sys_power_hal_ops_begin = .
                [!provide]                PROVIDE (sys_power_hal_ops_begin, .)
 *(.sys_power_hal_ops)
                0x01e0988c                _sys_power_hal_ops_end = .
                [!provide]                PROVIDE (sys_power_hal_ops_end, .)
                0x01e0988c                . = ALIGN (0x4)
                0x01e0988c                lp_target_begin = .
                [!provide]                PROVIDE (lp_target_begin, .)
 *(.lp_target)
 .lp_target     0x01e0988c       0x60 ..\..\..\..\cpu\br25\tools\sdk.elf.o
                0x01e0988c                audio_dec_init_lp_target
                0x01e09894                tone_dec_lp_target
                0x01e0989c                linein_demo_lp_target
                0x01e098a4                mic_demo_lp_target
                0x01e098ac                key_lp_target
                0x01e098b4                ota_lp_target
                0x01e098bc                app_state_lp_target
                0x01e098c4                __wakeup_is_idle_target
                0x01e098cc                usb_dev_lp_target
                0x01e098d4                usr_systimer_lp_target
                0x01e098dc                btstack_lowpower_target
                0x01e098e4                eq_online_lp_target
                0x01e098ec                lp_target_end = .
                [!provide]                PROVIDE (lp_target_end, .)
                0x01e098ec                . = ALIGN (0x4)
                0x01e098ec                deepsleep_target_begin = .
                [!provide]                PROVIDE (deepsleep_target_begin, .)
 *(.deepsleep_target)
                0x01e098ec                deepsleep_target_end = .
                [!provide]                PROVIDE (deepsleep_target_end, .)
                0x01e098ec                crypto_begin = .
 *(.crypto_ecdh_code)
 *(.crypto_ecdh_const)
 *(.crypto_bigint_code)
 *(.crypto_bigint_const)
 *(.crypto_code)
 *(.crypto_const)
 *(.ECDH_sample_code)
 *(.ECDH_sample_const)
 *(.uECC_code)
 *(.uECC_const)
 *(.hmac_code)
 *(.hmac_const)
 *(.hash_sample_code)
 *(.hash_sample_const)
 *(.aes_cmac_sample_code)
 *(.aes_cmac_sample_const)
                0x01e098ec                crypto_end = .
                0x00000000                crypto_size = (. - crypto_begin)
 *(.mem_code)
 *(.mem_const)
 *(.os_port_code)
 *(.os_port_const)
                0x01e098ec                __movable_function_start = .
 *(movable.text.*)
 *(movable.stub.*)
 *(movable.region.*)
                0x01e098ec                __movable_function_end = .
                0x00000000                __movable_function_size = (__movable_function_end - __movable_function_start)
                0x01e098ec                system_text_end = .
                0x000048b4                system_code_total_size = (system_text_end - system_text_start)
                0x01e098ec                . = ALIGN (0x4)
                0x01e098ec                update_target_begin = .
                [!provide]                PROVIDE (update_target_begin, .)
 *(.update_target)
 .update_target
                0x01e098ec       0x28 ..\..\..\..\cpu\br25\tools\sdk.elf.o
                0x01e098ec                audio_update_target
                0x01e098f4                iic_update_target
                0x01e098fc                spi_update_target
                0x01e09904                bredr_update_target
                0x01e0990c                ble_update_target
                0x01e09914                update_target_end = .
                [!provide]                PROVIDE (update_target_end, .)
                0x01e09914                . = ALIGN (0x4)
                0x01e09914                . = ALIGN (0x4)
 *(.ui_ram)
                0x01e09914                . = ALIGN (0x4)
                0x01e09914                lcd_interface_begin = .
 *(.lcd_if_info)
                0x01e09914                lcd_interface_end = .
                0x01e09914                ui_style_begin = .
 *(.ui_style)
                0x01e09914                ui_style_end = .
                0x01e09914                elm_event_handler_begin_JL = .
 *(.elm_event_handler_JL)
                0x01e09914                elm_event_handler_end_JL = .
                0x01e09914                elm_event_handler_begin_UPGRADE = .
 *(.elm_event_handler_UPGRADE)
                0x01e09914                elm_event_handler_end_UPGRADE = .
                0x01e09914                elm_event_handler_begin_DIAL = .
 *(.elm_event_handler_DIAL)
                0x01e09914                elm_event_handler_end_DIAL = .
                0x01e09914                control_event_handler_begin = .
 *(.control_event_handler)
                0x01e09914                control_event_handler_end = .
                0x01e09914                control_ops_begin = .
 *(.control_ops)
                0x01e09914                control_ops_end = .
                0x01e09914                battery_notify_begin = .
 *(.battery_notify)
                0x01e09914                battery_notify_end = .
                0x01e09914                . = ALIGN (0x4)
                0x01e09914                media_text_start = .
 *(.aec_code)
 *(.aec_const)
 *(.der_code)
 *(.der_const)
 *(.nlp_code)
 *(.nlp_const)
 *(.qmf_code)
 *(.qmf_const)
 *(.bt_audioplc_sparse_code)
 *(.bt_audioplc_code)
 *(.bt_audioplc_const)
                0x01e09914                . = ALIGN (0x4)
 *(.res_code)
 *(.res_const)
                0x01e09914                . = ALIGN (0x4)
 *(.ns_code)
 *(.ns_const)
 *(.opcore_maskrom)
                0x01e09914                . = ALIGN (0x4)
 *(.pcm_code)
 *(.pcm_const)
 *(.g729_code)
 *(.g729_const)
 *(.g726_code)
 *(.g726_const)
 *(.wtg_dec_code)
 *(.wtg_dec_const)
 *(.wtg_dec_sparse_code)
 *(.wtg_dec_sparse_const)
 *(.wtgv2_code)
 *(.wtgv2_const)
 *(.wtgv2dec_code)
 *(.wtgv2dec_const)
 *(.wtgv2dec_str)
 *(.wtg_decv2_sparse_code)
 *(.bfilt_code)
                0x01e09914                . = ALIGN (0x4)
 *(.mp3_decstream_const)
 *(.mp3_decstream_code)
 *(.mp3_decstream_sparse_code)
 *(.mp3_decstream_sparse_const)
 *(.mp3_dec_sparse_code)
 *(.mp3_dec_sparse_const)
 *(.mp3_dec_code)
 *(.mp3_dec_const)
 *(.mp3_const)
 *(.mp3_code)
 *(.msbc_code)
 *(.msbc_const)
 *(.mty_code)
 *(.mty_const)
 *(.mp3tsy_dec_code)
 *(.mp3tsy_dec_const)
 *(.mp3tsy_dec_sparse_code)
 *(.mp3tsy_dec_sparse_const)
 *(.sbc_code)
 *(.sbc_const)
 *(.sine_code)
 *(.sine_const)
 *(.wma_code)
 *(.wma_const)
 *(.wma_dec_code)
 *(.wma_dec_const)
 *(.wma_dec_sparse_code)
 *(.wma_dec_sparse_const)
 *(.wma_decstream_const)
 *(.wma_decstream_code)
 *(.wma_decstream_sparse_code)
 *(.wma_decstream_sparse_const)
 *(.amr_code)
 *(.amr_const)
 *(.midi_code)
 *(.midi_const)
 *(.audio_decoder_code)
 *(.audio_decoder_const)
 *(.mp3_encode_code)
 *(.mp3_encode_const)
 *(.media_device_code)
 *(.media_device_const)
 *(.audio_encoder_code)
 *(.audio_encoder_const)
 *(.mixer_code)
 *(.mixer_const)
 *(.stream_code)
 *(.stream_const)
 *(.dec_server_code)
 *(.dec_server_const)
 *(.rec_server_code)
 *(.rec_server_const)
 *(.auto_mute_code)
 *(.auto_mute_const)
 *(.plc_code)
 *(.plc_const)
 *(.wireless_sync_code)
 *(.wireless_sync_const)
 *(.fft_code)
 *(.fft_const)
 *(.mp3_enc_code)
 *(.mp3_enc_const)
 *(.mp3_enc_sparse_code)
 *(.mp3_enc_sparse_const)
                0x01e09914                . = ALIGN (0x4)
 *(.mp2_encode_code)
 *(.mp2_encode_const)
 *(.mp2_encode_sparse_code)
 *(.mp2_encode_sparse_const)
                0x01e09914                . = ALIGN (0x4)
 *(.adpcm_encode_code)
 *(.adpcm_encode_const)
 *(.adpcm_encode_sparse_code)
 *(.adpcm_encode_sparse_const)
                0x01e09914                . = ALIGN (0x4)
 *(.lc3_decoder_code)
 *(.lc3_decoder_const)
                0x01e09914                . = ALIGN (0x4)
 *(.m4a_dec_sparse_code)
 *(.m4a_dec_sparse_const)
 *(.aac_dec_sparse_code)
 *(.aac_dec_sparse_const)
 *(.bt_aac_dec_core_const)
 *(.amr_dec_const)
 *(.dts_dec_ff_const)
 *(.dts_dec_sparse_code)
 *(.dts_dec_sparse_const)
 *(.res_sparse_code)
 *(.ns_sparse_code)
 *(.aec_sparse_code)
 *(.nlp_sparse_code)
 *(.der_sparse_code)
 *(.qmf_sparse_code)
 *(.sms_const)
 *(.sms_sparse_code)
 *(.sms_code)
 *(.resample_cal_code)
 *(.resample_cal_sparse_code)
 *(.resample_cal_const)
 *(.bt_compressor_sparse_const)
 *(.bt_compressor_sparse_code)
 *(.compressor_sparse_code)
 *(.compressor_sparse_const)
 *(.bt_limiter_sparse_const)
 *(.bt_limiter_sparse_code)
 *(.limiter_sparse_code)
 *(.limiter_sparse_const)
 *(.bt_crossOver_sparse_const)
 *(.bt_crossOver_sparse_code)
 *(.crossOver_sparse_code)
 *(.crossOver_sparse_const)
 *(.iap_code)
 *(.iap_const)
 *(.audio_bfilt_code)
 *(.audio_bfilt_const)
 *(.audio_buf_sync_code)
 *(.audio_buf_sync_const)
 *(.audio_dec_app_code)
 *(.audio_dec_app_const)
 *(.audio_dec_app_sync_code)
 .audio_dec_app_sync_code
                0x01e09914        0x2 ..\..\..\..\cpu\br25\tools\sdk.elf.o
 *(.audio_dec_app_sync_const)
 *(.audio_dec_app_event_callback)
 *(.audio_dec_app_dec_run)
 *(.audio_dec_app_normal_run)
 *(.audio_dec_tone_event_callback)
 *(.audio_dig_vol_code)
 *(.audio_dig_vol_const)
 *(.audio_echo_reverb_code)
 *(.audio_echo_reverb_const)
 *(.audio_echo_src_code)
 *(.audio_echo_src_const)
 *(.audio_energy_detect_code)
 *(.audio_energy_detect_const)
 *(.audio_eq_code)
 *(.audio_eq_const)
 *(.audio_drc_code)
 *(.audio_drc_const)
 *(.audio_eq_drc_apply_code)
 *(.audio_eq_drc_apply_const)
 *(.audio_equalloudness_code)
 *(.audio_equalloudness_const)
 *(.audio_howling_code)
 *(.audio_howling_const)
 *(.audio_noisegate_code)
 *(.audio_noisegate_const)
 *(.audio_output_dac_code)
 *(.audio_output_dac_const)
 *(.audio_pemafrow_code)
 *(.audio_pemafrow_const)
 *(.audio_pitch_code)
 *(.audio_pitch_const)
 *(.audio_pitchspeed_code)
 *(.audio_pitchspeed_const)
 *(.audio_surround_code)
 *(.audio_surround_const)
 *(.audio_vbass_code)
 *(.audio_vbass_const)
 *(.audio_vocal_remove_code)
 *(.audio_vocal_remove_const)
 *(.audio_vocal_tract_synthesis_code)
 *(.audio_vocal_tract_synthesis_const)
 *(.eq_config_code)
 *(.eq_config_const)
 *(.eq_config_protocol_code)
 .eq_config_protocol_code
                0x01e09916        0x6 ..\..\..\..\cpu\br25\tools\sdk.elf.o
 *(.eq_config_protocol_const)
 *(.spectrum_eq_code)
 *(.spectrum_eq_const)
 *(.spectrum_fft_code)
 *(.spectrum_fft_const)
 *(.audio_localtws_code)
 *(.audio_localtws_const)
 *(.audio_dec_localtws_code)
 *(.audio_dec_localtws_const)
 *(.audio_dec_a2dp_code)
 *(.audio_dec_a2dp_const)
 *(.audio_dec_esco_code)
 *(.audio_dec_esco_const)
 *(.audio_dec_file_code)
 *(.audio_dec_file_const)
 *(.audio_dec_pcm_code)
 *(.audio_dec_pcm_const)
 *(.audio_resample_code)
 *(.audio_resample_const)
 *(.audio_splicing_code)
 *(.audio_splicing_const)
 *(.channel_switch_code)
 *(.channel_switch_const)
 *(.sw_drc_code)
 *(.sw_drc_const)
 *(.aptx_decoder_code)
 *(.aptx_decoder_const)
 *(.ldac_decoder_code)
 *(.ldac_decoder_const)
 *(.speex_encoder_code)
 *(.speex_encoder_const)
 *(.sbc_encoder_code)
 *(.sbc_encoder_const)
 *(.opus_encoder_code)
 *(.opus_encoder_const)
 *(.prevent_task_fill_code)
 *(.prevent_task_fill_const)
 *(.audio_cfifo_code)
 *(.audio_cfifo_const)
 *(.audio_track_code)
 *(.audio_track_const)
 *(.audio_adc_code)
 *(.audio_adc_const)
 *(.audio_dac_code)
 *(.audio_dac_const)
 *(.audio_linein_code)
 *(.audio_linein_const)
 *(.audio_link_code)
 *(.audio_link_const)
 *(.audio_sample_sync_code)
 *(.audio_sample_sync_const)
 *(.audio_wireless_sync_code)
 *(.audio_wireless_sync_const)
 *(.audio_spdif_code)
 *(.audio_spdif_const)
 *(.audio_src_code)
 *(.audio_src_const)
 *(.audio_src_base_code)
 *(.audio_src_base_const)
 *(.effectrs_sync_code)
 *(.effectrs_sync_const)
 *(.eq_design_code)
 *(.eq_design_const)
 *(.hw_eq_code)
 *(.hw_eq_const)
 *(.iic_code)
 *(.iic_const)
 *(.mic_cap_code)
 .mic_cap_code  0x01e0991c       0x6c ..\..\..\..\cpu\br25\tools\sdk.elf.o
 *(.mic_cap_const)
 *(.sbc_hwaccel_code)
 *(.sbc_hwaccel_const)
                0x01e09988                . = ALIGN (0x4)
                0x01e09988                _audio_decoder_begin = .
                0x01e09988                PROVIDE (audio_decoder_begin, .)
 *(.audio_decoder)
                0x01e09988                _audio_decoder_end = .
                0x01e09988                PROVIDE (audio_decoder_end, .)
                0x01e09988                _audio_encoder_begin = .
                0x01e09988                PROVIDE (audio_encoder_begin, .)
 *(.audio_encoder)
                0x01e09988                _audio_encoder_end = .
                0x01e09988                PROVIDE (audio_encoder_end, .)
                0x01e09988                _audio_package_begin = .
                [!provide]                PROVIDE (audio_package_begin, .)
 *(.audio_package)
                0x01e09988                _audio_package_end = .
                [!provide]                PROVIDE (audio_package_end, .)
                0x01e09988                _audio_dev_begin = .
                [!provide]                PROVIDE (audio_dev_begin, .)
 *(.audio_device)
                0x01e09988                _audio_dev_end = .
                [!provide]                PROVIDE (audio_dev_end, .)
                0x01e09988                _audio_hwaccel_begin = .
                [!provide]                PROVIDE (audio_hwaccel_begin, .)
 *(.audio_hwaccel)
                0x01e09988                _audio_hwaccel_end = .
                [!provide]                PROVIDE (audio_hwaccel_end, .)
                0x01e09988                . = ALIGN (0x4)
                0x01e09988                media_code_begin = .
 *(.media.*.text)
                0x01e09988                . = ALIGN (0x4)
 *(.crossOver_code)
 *(.crossOver_const)
 *(.bt_crossOver_const)
 *(.bt_crossOver_code)
                0x01e09988                . = ALIGN (0x4)
 *(.compressor_code)
 *(.compressor_const)
 *(.bt_compressor_const)
 *(.bt_compressor_code)
                0x01e09988                . = ALIGN (0x4)
 *(.limiter_code)
 *(.limiter_const)
 *(.bt_limiter_const)
 *(.bt_limiter_code)
                0x01e09988                . = ALIGN (0x4)
 *(.lib_pitchshift_code)
 *(.lib_pitchshift_const)
                0x01e09988                . = ALIGN (0x4)
 *(.sur_cal_const)
 *(.sur_cal_code)
                0x01e09988                . = ALIGN (0x4)
 *(.reverb_cal_sparse_code)
                0x01e09988                . = ALIGN (0x4)
 *(.dvol_ram_code)
                0x01e09988                . = ALIGN (0x4)
 *(.reverb_cal_const)
                0x01e09988                . = ALIGN (0x4)
 *(.reverb_cal_code)
                0x01e09988                . = ALIGN (0x4)
 *(.stream_code_nor_run)
 *(.mixer_code_nor_run)
 *(.audio_codec_code)
 *(.audio_codec_code_read_file)
 *(.audio_src_code_nor_run)
 *(.src_base_code_nor_run)
 *(.audio_dac_code_nor_run)
 *(.audio_cfifo_code_nor_run)
 *(.stream_code_copy_run)
 *(.mixer_code_out_run)
 *(.audio_codec_code_frame_file)
 *(.buf_sync_code_nor_run)
 *(.resample_fastcal_const)
 *(.resample_fastcal_code)
 *(.resample_fastcal_sparse_code)
                0x01e09988                . = ALIGN (0x4)
                0x01e09988                media_code_end = .
                0x01e09988                . = ALIGN (0x4)
                0x00000000                media_code_size = (media_code_end - media_code_begin)
                0x01e09988                . = ALIGN (0x4)
                0x01e09988                media_text_end = .
                0x00000074                media_code_total_size = (media_text_end - media_text_start)
                0x01e09988                . = ALIGN (0x4)
 *(.wav_dec_sparse_code)
 *(.wav_dec_sparse_const)
 *(.wav_dec_code)
 *(.wav_dec_const)
 *(.wav_const)
 *(.wav_code)
                0x01e09988                . = ALIGN (0x4)
 *(.amr_const)
 *(.amr_code)
 *(.amr_dec_const)
 *(.amr_dec_code)
 *(.amr_dec_sparse_code)
 *(.amr_dec_sparse_const)
 *(.amr_dec_ff_const)
                0x01e09988                . = ALIGN (0x4)
 *(.ape_dec_sparse_code)
 *(.ape_dec_sparse_const)
 *(.ape_dec_code)
 *(.ape_dec_const)
 *(.ape_bss)
 *(.ape_const)
 *(.ape_code)
                0x01e09988                . = ALIGN (0x4)
 *(.flac_dec_sparse_code)
 *(.flac_dec_sparse_const)
 *(.flac_dec_code)
 *(.flac_dec_const)
 *(.flac_const)
 *(.flac_code)
                0x01e09988                . = ALIGN (0x4)
 *(.alac_dec_code)
                0x01e09988                . = ALIGN (0x4)
 *(.text*)
 .text          0x01e09988    0x1cad6 ..\..\..\..\cpu\br25\tools\sdk.elf.o
                0x01e09c3c                uart_update_set_nvram
                0x01e09cfc                app_bank_init
                0x01e0abc0                update_result_get
                0x01e14a2a                __errno
                0x01e14a8c                lib_btstack_version
                0x01e14a90                lib_media_version
                0x01e14f5a                exception_analyze
 .text          0x01e2645e       0x4e C:\JL\pi32\pi32v2-lib\r3\libc.a(lib_a-rand.o)
                0x01e2645e                srand
                0x01e2646e                rand
 .text          0x01e264ac      0x314 C:\JL\pi32\pi32v2-lib\r3\libcompiler-rt.a(adddf3.o)
                0x01e264ec                __adddf3
 .text          0x01e267c0       0x4c C:\JL\pi32\pi32v2-lib\r3\libcompiler-rt.a(floatsidf.o)
                0x01e267c0                __floatsidf
 .text          0x01e2680c      0x2fa C:\JL\pi32\pi32v2-lib\r3\libcompiler-rt.a(muldf3.o)
                0x01e26842                __muldf3
 .text          0x01e26b06        0x6 C:\JL\pi32\pi32v2-lib\r3\libcompiler-rt.a(subdf3.o)
                0x01e26b06                __subdf3
 .text          0x01e26b0c       0x3c C:\JL\pi32\pi32v2-lib\r3\libcompiler-rt.a(fixunsdfsi.o)
                0x01e26b0c                __fixunsdfsi
 .text          0x01e26b48       0x34 C:\JL\pi32\pi32v2-lib\r3\libcompiler-rt.a(floatunsidf.o)
                0x01e26b48                __floatunsidf
 *(.LOG_TAG_CONST*)
 *(.rodata*)
 .rodata.str1.1
                0x01e26b7c      0xeaf ..\..\..\..\cpu\br25\tools\sdk.elf.o
                                0xebf (size before relaxing)
 *fill*         0x01e27a2b        0x5 
 .rodata        0x01e27a30    0x16a90 ..\..\..\..\cpu\br25\tools\sdk.elf.o
 .rodata.str1.16
                0x01e3e4c0      0x2b0 ..\..\..\..\cpu\br25\tools\sdk.elf.o
                                0x2aa (size before relaxing)
 .rodata.cst8   0x01e3e770        0x8 ..\..\..\..\cpu\br25\tools\sdk.elf.o
 .rodata.str1.1
                0x01e3e778        0x0 C:\JL\pi32\pi32v2-lib\r3\libc.a(lib_a-impure.o)
                                  0x2 (size before relaxing)
                0x01e3e778                . = ALIGN (0x4)
                0x01f00120                PROVIDE (flash_code_end, (flash_code_begin + 0x100000))
                0x01e3e778                update_code_start = .
 *(.bt_updata_ram_code)
 .bt_updata_ram_code
                0x01e3e778      0x176 ..\..\..\..\cpu\br25\tools\sdk.elf.o
 *(.update_const)
 *fill*         0x01e3e8ee        0x2 
 .update_const  0x01e3e8f0      0x175 ..\..\..\..\cpu\br25\tools\sdk.elf.o
 *(.update_code)
 *fill*         0x01e3ea65        0x1 
 .update_code   0x01e3ea66     0x13ea ..\..\..\..\cpu\br25\tools\sdk.elf.o
                0x01e3fe50                update_code_end = .
                0x01e3fe50                driver_code_start = .
                0x01e3fe50                CLOCK_CODE_START = .
 *(.clock_code)
 .clock_code    0x01e3fe50      0x84c ..\..\..\..\cpu\br25\tools\sdk.elf.o
 *(.clock_const)
 .clock_const   0x01e4069c        0x4 ..\..\..\..\cpu\br25\tools\sdk.elf.o
                0x00000850                CLOCK_CODE_SIZE = ABSOLUTE ((. - CLOCK_CODE_START))
 *(.debug_code)
 *(.debug_const)
 *(.power_code)
 *(.power_const)
 *(.uart_code)
 .uart_code     0x01e406a0      0xaf4 ..\..\..\..\cpu\br25\tools\sdk.elf.o
 *(.uart_const)
                0x01e41194                driver_code_end = .
                0x01e41194                . = ALIGN (0x4)
                0x01e41194                btctler_code_start = .
                0x01e41194                BTCTLER_CONTROLLER_CODE_START = .
 *(.bt_rf_const)
 .bt_rf_const   0x01e41194      0x411 ..\..\..\..\cpu\br25\tools\sdk.elf.o
 *(.bt_rf_code)
 *fill*         0x01e415a5        0x1 
 .bt_rf_code    0x01e415a6     0x17ee ..\..\..\..\cpu\br25\tools\sdk.elf.o
 *(.vendor_manager_const)
 *(.vendor_manager_code)
 *(.device_manager_const)
 *(.device_manager_code)
 *(.hci_controller_const)
 .hci_controller_const
                0x01e42d94       0x28 ..\..\..\..\cpu\br25\tools\sdk.elf.o
 *(.hci_controller_code)
 .hci_controller_code
                0x01e42dbc      0x5a8 ..\..\..\..\cpu\br25\tools\sdk.elf.o
 *(.hci_interface_const)
 *(.hci_interface_code)
                0x000021d0                BTCTLER_CONTROLLER_CODE_SIZE = ABSOLUTE ((. - BTCTLER_CONTROLLER_CODE_START))
                0x01e43364                BTCTLER_LE_CONTROLLER_CODE_START = .
 *(.ble_rf_const)
 .ble_rf_const  0x01e43364       0x24 ..\..\..\..\cpu\br25\tools\sdk.elf.o
 *(.ble_rf_code)
 .ble_rf_code   0x01e43388     0x2764 ..\..\..\..\cpu\br25\tools\sdk.elf.o
 *(.ble_ll_const)
 .ble_ll_const  0x01e45aec       0x98 ..\..\..\..\cpu\br25\tools\sdk.elf.o
 *(.ble_ll_code)
 .ble_ll_code   0x01e45b84     0x26a0 ..\..\..\..\cpu\br25\tools\sdk.elf.o
 *(.ble_hci_const)
 .ble_hci_const
                0x01e48224       0x19 ..\..\..\..\cpu\br25\tools\sdk.elf.o
 *(.ble_hci_code)
 *fill*         0x01e4823d        0x1 
 .ble_hci_code  0x01e4823e      0x548 ..\..\..\..\cpu\br25\tools\sdk.elf.o
 *(.classic_hci_const)
 *(.classic_hci_code)
                0x00005422                BTCTLER_LE_CONTROLLER_CODE_SIZE = ABSOLUTE ((. - BTCTLER_LE_CONTROLLER_CODE_START))
                0x01e48786                BTCTLER_CL_CODE_START = .
 *(.bredr_irq)
 *(.bredr_irq_code)
 *(.bredr_irq_const)
 *(.classic_lmp_const)
 *(.classic_lmp_auth_const)
 *(.classic_lmp_bigint_const)
 *(.classic_lmp_crypt_const)
 *(.classic_lmp_ecdh_const)
 *(.classic_lmp_hmac_const)
 *(.classic_lmp_code)
 .classic_lmp_code
                0x01e48786      0x556 ..\..\..\..\cpu\br25\tools\sdk.elf.o
 *(.classic_lmp_auth_code)
 *(.classic_lmp_bigint_code)
 *(.classic_lmp_crypt_code)
 *(.classic_lmp_ecdh_code)
 *(.classic_lmp_hmac_code)
 *(.classic_rf_const)
 .classic_rf_const
                0x01e48cdc       0x36 ..\..\..\..\cpu\br25\tools\sdk.elf.o
 *(.classic_rf_code)
 .classic_rf_code
                0x01e48d12      0x992 ..\..\..\..\cpu\br25\tools\sdk.elf.o
 *(.classic_bb_const)
 *(.classic_bb_code)
                0x00000f1e                BTCTLER_CL_CODE_SIZE = ABSOLUTE ((. - BTCTLER_CL_CODE_START))
                0x01e496a4                . = ALIGN (0x4)
 *(.classic_tws_const)
 *(.classic_tws_code)
 .classic_tws_code
                0x01e496a4        0x2 ..\..\..\..\cpu\br25\tools\sdk.elf.o
 *(.classic_tws_code.esco)
 *(.lmp_irq_code)
 .lmp_irq_code  0x01e496a6       0x6e ..\..\..\..\cpu\br25\tools\sdk.elf.o
 *(.link_bulk_code)
 *(.frame_irq_code)
                0x01e49714                . = ALIGN (0x4)
 *(.link_task_const)
 *(.link_task_code)
                0x01e49714                . = ALIGN (0x4)
 *(.classic_irq_const)
 *(.classic_irq_code)
                0x01e49714                . = ALIGN (0x4)
 *(.tws_irq_code)
                0x01e49714                . = ALIGN (0x4)
                0x01e49714                tws_sync_call_begin = .
 *(.tws_sync_call)
 .tws_sync_call
                0x01e49714        0xc ..\..\..\..\cpu\br25\tools\sdk.elf.o
                0x01e49720                tws_sync_call_end = .
                0x01e49720                . = ALIGN (0x4)
                0x01e49720                tws_func_stub_begin = .
 *(.tws_func_stub)
 .tws_func_stub
                0x01e49720        0x8 ..\..\..\..\cpu\br25\tools\sdk.elf.o
                0x01e49728                tws_func_stub_end = .
 *(.tws_media_sync_code)
 *(.tws_media_sync_const)
 *(.tws_data_forward_code)
 *(.tws_data_forward_const)
                0x01e49728                . = ALIGN (0x4)
                0x01e49728                tws_sync_channel_begin = .
 *(.tws_sync_channel.0)
 *(.tws_sync_channel.1)
 *(.tws_sync_channel.2)
 *(.tws_sync_channel.3)
 *(.tws_sync_channel.4)
 *(.tws_sync_channel.5)
 *(.tws_sync_channel.6)
 *(.tws_sync_channel.7)
 *(.tws_sync_channel.8)
 *(.tws_sync_channel.9)
 *(.tws_sync_channel.10)
 *(.tws_sync_channel.11)
 *(.tws_sync_channel.12)
 *(.tws_sync_channel.13)
                0x01e49728                tws_sync_channel_end = .
                0x01e49728                btctler_code_end = .
                0x01e49728                . = ALIGN (0x4)
                0x00010000                . = ORIGIN (ram0)

.mmu_tlb        0x00010000      0x9c0
 *(.mmu_tlb_segment)
 .mmu_tlb_segment
                0x00010000      0x9c0 ..\..\..\..\cpu\br25\tools\sdk.elf.o

.boot_info      0x000109c0       0x40
 *(.boot_info)
 .boot_info     0x000109c0       0x28 ..\..\..\..\cpu\br25\tools\sdk.elf.o
                0x00010a00                . = ALIGN (0x20)
 *fill*         0x000109e8       0x18 

.irq_stack      0x00010a00      0x800
                0x00010a00                _cpu0_sstack_begin = .
                [!provide]                PROVIDE (cpu0_sstack_begin, .)
 *(.stack)
 .stack         0x00010a00      0x800 ../../../../include_lib/liba/br25/cpu.a(startup.S.o)
                0x00011200                _stack
                0x00011200                _cpu0_sstack_end = .
                [!provide]                PROVIDE (cpu0_sstack_end, .)
                0x00011200                _stack_end = .
                0x00011200                . = ALIGN (0x4)

.data           0x00011200     0x123c
                0x00011200                . = ALIGN (0x4)
 *(.data_magic)
 .data_magic    0x00011200       0x40 ..\..\..\..\cpu\br25\tools\sdk.elf.o
                0x00011200                data_magic
                0x00011240                . = ALIGN (0x20)
                0x00011240                . = ALIGN (0x4)
 *(.data*)
 .data          0x00011240      0x124 ..\..\..\..\cpu\br25\tools\sdk.elf.o
                0x00011280                jiffies
 .data          0x00011364      0x41c C:\JL\pi32\pi32v2-lib\r3\libc.a(lib_a-impure.o)
                0x00011364                _impure_ptr
                0x00011780                . = ALIGN (0x4)
                0x00011780                btstack_data_start = .
 *(.bt_stack_data)
 .bt_stack_data
                0x00011780       0x2e ..\..\..\..\cpu\br25\tools\sdk.elf.o
 *(.ble_db_data)
 *(.ble_sm_data)
 *(.ble_att_data)
 *(.ble_gatt_data)
                0x000117ae                BTSTACK_LE_HOST_MESH_DATA_START = .
                0x000117b0                . = ((. + 0x3) & 0xfffffffc)
 *fill*         0x000117ae        0x2 
                0x000117b0                _net_buf_pool_list = .
 *(._net_buf_pool.static.*)
 *(.ble_mesh_data)
 *(.ble_mesh_tinycrypt_data)
                0x00000002                BTSTACK_LE_HOST_MESH_DATA_SIZE = ABSOLUTE ((. - BTSTACK_LE_HOST_MESH_DATA_START))
                0x000117b0                btstack_data_end = .
                0x000117b0                . = ALIGN (0x4)
                0x000117b0                . = ALIGN (0x4)
                0x000117b0                system_data_start = .
                0x000117b0                _video_subdev_begin = .
                [!provide]                PROVIDE (video_subdev_begin, .)
 *(.video_subdev.0)
 *(.video_subdev.1)
 *(.video_subdev.2)
 *(.video_subdev.3)
 *(.video_subdev.4)
 *(.video_subdev.5)
                0x000117b0                _video_subdev_end = .
                [!provide]                PROVIDE (video_subdev_end, .)
                0x000117b0                _audio_subdev_begin = .
                [!provide]                PROVIDE (audio_subdev_begin, .)
 *(.audio_subdev.0)
 *(.audio_subdev.1)
 *(.audio_subdev.2)
 *(.audio_subdev.3)
                0x000117b0                _audio_subdev_end = .
                [!provide]                PROVIDE (audio_subdev_end, .)
                0x000117b0                _iic_device_begin = .
                [!provide]                PROVIDE (iic_device_begin, .)
 *(.iic)
                0x000117b0                _iic_device_end = .
                [!provide]                PROVIDE (iic_device_end, .)
                0x000117b0                _avin_spi_device_begin = .
                [!provide]                PROVIDE (avin_spi_device_begin, .)
 *(.sw_spi)
                0x000117b0                _avin_spi_device_end = .
                [!provide]                PROVIDE (avin_spi_device_end, .)
                0x000117b0                _video_dev_begin = .
                [!provide]                PROVIDE (video_dev_begin, .)
 *(.video_device)
                0x000117b0                _video_dev_end = .
                [!provide]                PROVIDE (video_dev_end, .)
                0x000117b0                _key_driver_ops_begin = .
                [!provide]                PROVIDE (key_driver_ops_begin, .)
 *(.key_driver_ops)
                0x000117b0                _key_driver_ops_end = .
                [!provide]                PROVIDE (key_driver_ops_end, .)
                0x000117b0                _touch_driver_begin = .
                [!provide]                PROVIDE (touch_driver_begin, .)
 *(.touch_driver)
                0x000117b0                _touch_driver_end = .
                [!provide]                PROVIDE (touch_driver_end, .)
                0x000117b0                _static_hi_timer_begin = .
                [!provide]                PROVIDE (static_hi_timer_begin, .)
 *(.hi_timer)
                0x000117b0                _static_hi_timer_end = .
                [!provide]                PROVIDE (static_hi_timer_end, .)
                0x000117b0                _sys_cpu_timer_begin = .
                0x000117b0                PROVIDE (sys_cpu_timer_begin, .)
 *(.sys_cpu_timer)
                0x000117b0                _sys_cpu_timer_end = .
                0x000117b0                PROVIDE (sys_cpu_timer_end, .)
                0x000117b0                _sys_config_begin = .
                [!provide]                PROVIDE (sys_config_begin, .)
 *(.sys_cfg)
                0x000117b0                _sys_config_end = .
                [!provide]                PROVIDE (sys_config_end, .)
                0x000117b0                _sys_fat_begin = .
                [!provide]                PROVIDE (sys_fat_begin, .)
 *(.fs_fat)
                0x000117b0                _sys_fat_end = .
                [!provide]                PROVIDE (sys_fat_end, .)
                0x000117b0                _app_begin = .
                0x000117b0                PROVIDE (app_begin, .)
 *(.app)
 .app           0x000117b0       0x40 ..\..\..\..\cpu\br25\tools\sdk.elf.o
                0x000117f0                _app_end = .
                0x000117f0                PROVIDE (app_end, .)
                0x000117f0                _os_begin = .
                [!provide]                PROVIDE (os_begin, .)
 *(.os_str)
 *(.os_data)
                0x000117f0                _os_end = .
                [!provide]                PROVIDE (os_end, .)
 *(.crypto_ecdh_data)
 *(.crypto_data)
 *(.mem_data)
 *(.os_port_data)
 *(.uECC_data)
 *(.ECDH_sample_data)
                0x000117f0                __movable_slot_start = .
 *(movable.slot.*)
                0x000117f0                __movable_slot_end = .
                0x000117f0                system_data_end = .
                0x000117f0                . = ALIGN (0x4)
                0x000117f0                media_data_start = .
                0x000117f0                . = ALIGN (0x4)
                0x000117f0                EQ_COEFF_BASE = .
                0x00011e04                . = (EQ_COEFF_BASE + ((0x4 * EQ_SECTION_NUM) * 0xe))
 *fill*         0x000117f0      0x2d8 
                0x00011ac8                . = ALIGN (0x4)
 *(.aec_data)
                0x00011ac8                . = ALIGN (0x4)
 *(.res_data)
                0x00011ac8                . = ALIGN (0x4)
 *(.ns_data)
                0x00011ac8                . = ALIGN (0x4)
 *(.der_data)
                0x00011ac8                . = ALIGN (0x4)
 *(.nlp_data)
                0x00011ac8                . = ALIGN (0x4)
 *(.qmf_data)
                0x00011ac8                . = ALIGN (0x4)
 *(.fft_data)
                0x00011ac8                . = ALIGN (0x4)
 *(.bt_audioplc_data)
 *(.sms_data)
 *(.pcm_data)
 *(.g729_data)
 *(.g726_data)
 *(.wtg_dec_data)
 *(.wtgv2_data)
 *(.wtgv2dec_data)
 *(.mp3_data)
 *(.mp3_dec_data)
 *(.msbc_data)
 *(.mty_data)
 *(.mp3tsy_dec_data)
 *(.sbc_data)
 *(.sine_data)
 *(.wma_data)
 *(.wma_dec_data)
 *(.amr_data)
 *(.midi_data)
 *(.audio_decoder_data)
 *(.mp3_encode_data)
 *(.media_device_data)
 *(.audio_encoder_data)
 *(.mixer_data)
 *(.stream_data)
 *(.dec_server_data)
 *(.rec_server_data)
 *(.auto_mute_data)
 *(.plc_data)
 *(.wireless_sync_data)
 *(.resample_cal_data)
 *(.bt_compressor_data)
 *(.bt_crossOver_data)
 *(.bt_limiter_data)
 *(.bt_compressor_sparse_data)
 *(.bt_limiter_sparse_data)
 *(.bt_crossOver_sparse_data)
 *(.iap_data)
 *(.audio_bfilt_data)
 *(.audio_buf_sync_data)
 *(.audio_dec_app_data)
 *(.audio_dec_app_sync_data)
 *(.audio_dig_vol_data)
 *(.audio_echo_reverb_data)
 *(.audio_echo_src_data)
 *(.audio_energy_detect_data)
 *(.audio_eq_data)
 *(.audio_drc_data)
 *(.audio_eq_drc_apply_data)
 *(.audio_equalloudness_data)
 *(.audio_howling_data)
 *(.audio_noisegate_data)
 *(.audio_output_dac_data)
 *(.audio_pemafrow_data)
 *(.audio_pitch_data)
 *(.audio_pitchspeed_data)
 *(.audio_surround_data)
 *(.audio_vbass_data)
 *(.audio_vocal_remove_data)
 *(.audio_vocal_tract_synthesis_data)
 *(.eq_config_data)
 *(.eq_config_protocol_data)
 *(.spectrum_eq_data)
 *(.spectrum_fft_data)
 *(.audio_localtws_data)
 *(.audio_dec_localtws_data)
 *(.audio_dec_a2dp_data)
 *(.audio_dec_esco_data)
 *(.audio_dec_file_data)
 *(.audio_dec_pcm_data)
 *(.audio_resample_data)
 *(.audio_splicing_data)
 *(.channel_switch_data)
 *(.sw_drc_data)
 *(.aptx_decoder_data)
 *(.ldac_decoder_data)
 *(.speex_encoder_data)
 *(.sbc_encoder_data)
 *(.opus_encoder_data)
 *(.prevent_task_fill_data)
 *(.audio_cfifo_data)
 *(.audio_track_data)
 *(.audio_adc_data)
 *(.audio_dac_data)
 *(.audio_linein_data)
 *(.audio_link_data)
 *(.audio_sample_sync_data)
 *(.audio_wireless_sync_data)
 *(.audio_spdif_data)
 *(.audio_src_data)
 *(.audio_src_base_data)
 .audio_src_base_data
                0x00011ac8       0x60 ..\..\..\..\cpu\br25\tools\sdk.elf.o
 *(.effectrs_sync_data)
 *(.eq_design_data)
 *(.hw_eq_data)
 *(.iic_data)
 *(.mic_cap_data)
 .mic_cap_data  0x00011b28        0x1 ..\..\..\..\cpu\br25\tools\sdk.elf.o
 *(.sbc_hwaccel_data)
 *(.resample_fastcal_data)
 *(.aac_data)
 *(.alac_data)
                0x00011b2c                . = ALIGN (0x4)
 *fill*         0x00011b29        0x3 
 *(.dec2tws_mem)
                0x00011b2c                . = ALIGN (0x4)
 *(.lc3_decoder_data)
                0x00011b2c                . = ALIGN (0x4)
 *(.midi_mem)
 *(.midi_ctrl_mem)
                0x00011b2c                media_data_end = .
                0x00011b2c                . = ALIGN (0x4)
                0x00011b2c                EQ_COEFF_BASE = .
                0x00011e04                . = (EQ_COEFF_BASE + ((0x4 * EQ_SECTION_NUM) * 0xe))
 *fill*         0x00011b2c      0x2d8 
                0x00011e04                . = ALIGN (0x4)
                0x00011e04                update_data_start = .
                0x00011e04                update_data_end = .
                0x00011e04                driver_data_start = .
                0x00011e04                CLOCK_DATA_START = .
 *(.clock_data)
 .clock_data    0x00011e04       0x50 ..\..\..\..\cpu\br25\tools\sdk.elf.o
                0x00000050                CLOCK_DATA_SIZE = ABSOLUTE ((. - CLOCK_DATA_START))
 *(.debug_data)
 *(.power_data)
 *(.uart_data)
 .uart_data     0x00011e54       0x18 ..\..\..\..\cpu\br25\tools\sdk.elf.o
                0x00011e6c                driver_data_end = .
                0x00011e6c                . = ALIGN (0x4)
                0x00011e6c                btctler_data_start = .
                0x00011e6c                BTCTLER_CONTROLLER_DATA_START = .
 *(.bt_rf_data)
 .bt_rf_data    0x00011e6c      0x438 ..\..\..\..\cpu\br25\tools\sdk.elf.o
 *(.vendor_manager_data)
 *(.device_manager_data)
 *(.hci_controller_data)
 .hci_controller_data
                0x000122a4       0xbe ..\..\..\..\cpu\br25\tools\sdk.elf.o
 *(.hci_interface_data)
                0x000004f6                BTCTLER_CONTROLLER_DATA_SIZE = ABSOLUTE ((. - BTCTLER_CONTROLLER_DATA_START))
                0x00012362                BTCTLER_LE_CONTROLLER_DATA_START = .
 *(.ble_ll_data)
 *fill*         0x00012362        0x2 
 .ble_ll_data   0x00012364        0xc ..\..\..\..\cpu\br25\tools\sdk.elf.o
 *(.ble_hci_data)
 .ble_hci_data  0x00012370       0xad ..\..\..\..\cpu\br25\tools\sdk.elf.o
 *(.classic_hci_data)
 *(.ble_rf_data)
 *fill*         0x0001241d        0x3 
 .ble_rf_data   0x00012420       0x10 ..\..\..\..\cpu\br25\tools\sdk.elf.o
                0x000000ce                BTCTLER_LE_CONTROLLER_DATA_SIZE = ABSOLUTE ((. - BTCTLER_LE_CONTROLLER_DATA_START))
                0x00012430                BTCTLER_CL_DATA_START = .
 *(.classic_lmp_data)
 .classic_lmp_data
                0x00012430        0xc ..\..\..\..\cpu\br25\tools\sdk.elf.o
 *(.classic_lmp_auth_data)
 *(.classic_lmp_bigint_data)
 *(.classic_lmp_crypt_data)
 *(.classic_lmp_ecdh_data)
 *(.classic_lmp_linkbulk_data)
 *(.classic_lmp_hmac_data)
 *(.classic_rf_data)
 *(.classic_bb_data)
                0x0000000c                BTCTLER_CL_DATA_SIZE = ABSOLUTE ((. - BTCTLER_CL_DATA_START))
                0x0001243c                . = ALIGN (0x4)
                0x0001243c                btctler_data_end = .

.bss            0x00012440     0x5658
 *(.usb_h_dma)
 *(.usb_ep0)
 *(.dec_mix_buff)
 *(.sd0_var)
 *(.sd1_var)
 *(.dac_buff)
                0x00012440                . = ALIGN (0x4)
                0x00012440                btstack_bss_start = .
 *(.bt_stack_bss)
 .bt_stack_bss  0x00012440      0x48c ..\..\..\..\cpu\br25\tools\sdk.elf.o
 *(.ble_db_bss)
 *(.ble_sm_bss)
 *(.ble_att_bss)
 .ble_att_bss   0x000128cc       0x3c ..\..\..\..\cpu\br25\tools\sdk.elf.o
 *(.ble_gatt_bss)
 .ble_gatt_bss  0x00012908       0x18 ..\..\..\..\cpu\br25\tools\sdk.elf.o
 *(.btstack_pool)
                0x00012920                BTSTACK_LE_HOST_MESH_BSS_START = .
 *(.ble_mesh_bss)
 *(.ble_mesh_tinycrypt_bss)
                0x00000000                BTSTACK_LE_HOST_MESH_BSS_SIZE = ABSOLUTE ((. - BTSTACK_LE_HOST_MESH_BSS_START))
                0x00012920                btstack_bss_end = .
                0x00012920                . = ALIGN (0x4)
                0x00012920                system_bss_start = .
                0x00012920                . = ALIGN (0x4)
 *(.os_bss)
 *(.mem_heap)
 *(.memp_memory_x)
 *(.mem_bss)
 *(.os_port_bss)
 *(.uECC_bss)
 *(.ECDH_sample_bss)
                0x00012920                system_bss_end = .
                0x00012920                . = ALIGN (0x4)
                0x00012920                media_bss_start = .
                0x00012920                . = ALIGN (0x4)
 *(.aec_bss)
 *(.res_bss)
 *(.ns_bss)
 *(.der_bss)
 *(.nlp_bss)
 *(.qmf_bss)
 *(.bt_audioplc_bss)
 *(.fft_bss)
 *(.sms_bss)
 *(.pcm_bss)
 *(.g729_bss)
 *(.g726_bss)
 *(.wtg_dec_bss)
 *(.wtgv2_bss)
 *(.wtgv2dec_bss)
 *(.mp3_bss)
 *(.mp3_dec_bss)
 *(.msbc_bss)
 *(.mty_bss)
 *(.mp3tsy_dec_bss)
 *(.sbc_bss)
 *(.sine_bss)
 *(.wma_bss)
 *(.wma_dec_bss)
 *(.amr_bss)
 *(.midi_bss)
 *(.audio_decoder_bss)
 *(.mp3_encode_bss)
 *(.media_device_bss)
 *(.audio_encoder_bss)
 *(.mixer_bss)
 *(.stream_bss)
 *(.dec_server_bss)
 *(.rec_server_bss)
 *(.auto_mute_bss)
 *(.plc_bss)
 *(.wireless_sync_bss)
 *(.audio_buf)
 *(.resample_cal_bss)
 *(.bt_crossOver_bss)
 *(.bt_compressor_bss)
 *(.bt_limiter_bss)
 *(.bt_limiter_sparse_bss)
 *(.bt_crossOver_sparse_bss)
 *(.bt_compressor_sparse_bss)
 *(.iap_bss)
 *(.audio_bfilt_bss)
 *(.audio_buf_sync_bss)
 *(.audio_dec_app_bss)
 *(.audio_dec_app_sync_bss)
 *(.audio_dig_vol_bss)
 *(.audio_echo_reverb_bss)
 *(.audio_echo_src_bss)
 *(.audio_energy_detect_bss)
 *(.audio_eq_bss)
 *(.audio_drc_bss)
 *(.audio_eq_drc_apply_bss)
 *(.audio_equalloudness_bss)
 *(.audio_howling_bss)
 *(.audio_noisegate_bss)
 *(.audio_output_dac_bss)
 *(.audio_pemafrow_bss)
 *(.audio_pitch_bss)
 *(.audio_pitchspeed_bss)
 *(.audio_surround_bss)
 *(.audio_vbass_bss)
 *(.audio_vocal_remove_bss)
 *(.audio_vocal_tract_synthesis_bss)
 *(.eq_config_bss)
 *(.eq_config_protocol_bss)
 *(.spectrum_eq_bss)
 *(.spectrum_fft_bss)
 *(.audio_localtws_bss)
 *(.audio_dec_localtws_bss)
 *(.audio_dec_a2dp_bss)
 *(.audio_dec_esco_bss)
 *(.audio_dec_file_bss)
 *(.audio_dec_pcm_bss)
 *(.audio_resample_bss)
 *(.audio_splicing_bss)
 *(.channel_switch_bss)
 *(.sw_drc_bss)
 *(.aptx_decoder_bss)
 *(.ldac_decoder_bss)
 *(.speex_encoder_bss)
 *(.sbc_encoder_bss)
 *(.opus_encoder_bss)
 *(.prevent_task_fill_bss)
 *(.audio_cfifo_bss)
 *(.audio_track_bss)
 *(.audio_adc_bss)
 *(.audio_dac_bss)
 *(.audio_linein_bss)
 *(.audio_link_bss)
 *(.audio_sample_sync_bss)
 *(.audio_wireless_sync_bss)
 *(.audio_spdif_bss)
 *(.audio_src_bss)
 *(.audio_src_base_bss)
 *(.effectrs_sync_bss)
 *(.eq_design_bss)
 *(.hw_eq_bss)
 *(.iic_bss)
 *(.mic_cap_bss)
 *(.sbc_hwaccel_bss)
 *(.resample_fastcal_bss)
 *(.lc3_decoder_bss)
                0x00012920                media_bss_end = .
                0x00012920                . = ALIGN (0x4)
 *(.bss)
 .bss           0x00012920     0x4848 ..\..\..\..\cpu\br25\tools\sdk.elf.o
                0x00013be0                CurrentTCB
                0x00017168                . = ALIGN (0x4)
 *(.dts_dec_bss)
 *(.dts_bss)
                0x00017168                . = ALIGN (0x4)
 *(.m4a_dec_bss)
 *(.m4a_bss)
                0x00017168                . = ALIGN (0x4)
 *(COMMON)
 *(.volatile_ram)
 *(.audio_play_dma)
                0x00017168                . = ALIGN (0x4)
 *(.src_filt)
 *(.src_dma)
                0x00017168                . = ALIGN (0x4)
 *(.non_volatile_ram)
 .non_volatile_ram
                0x00017168      0x17c ..\..\..\..\cpu\br25\tools\sdk.elf.o
                0x00017300                . = ALIGN (0x20)
 *fill*         0x000172e4       0x1c 
                0x00017300                update_bss_start = .
 *(.update_bss)
 .update_bss    0x00017300       0x24 ..\..\..\..\cpu\br25\tools\sdk.elf.o
                0x00017324                update_bss_end = .
                0x00017324                driver_bss_start = .
                0x00017324                CLOCK_BSS_START = .
 *(.clock_bss)
 .clock_bss     0x00017324       0x50 ..\..\..\..\cpu\br25\tools\sdk.elf.o
                0x00000050                CLOCK_BSS_SIZE = ABSOLUTE ((. - CLOCK_BSS_START))
 *(.debug_bss)
 *(.power_bss)
 *(.uart_bss)
 .uart_bss      0x00017374      0x27c ..\..\..\..\cpu\br25\tools\sdk.elf.o
 *(.sd_var)
                0x000175f0                driver_bss_end = .
                0x000175f0                . = ALIGN (0x4)
                0x000175f0                btctler_bss_start = .
                0x000175f0                BTCTLER_CONTROLLER_BSS_START = .
 *(.bt_rf_bss)
 .bt_rf_bss     0x000175f0       0x1b ..\..\..\..\cpu\br25\tools\sdk.elf.o
 *(.hci_controller_bss)
 *fill*         0x0001760b        0x1 
 .hci_controller_bss
                0x0001760c       0x38 ..\..\..\..\cpu\br25\tools\sdk.elf.o
 *(.hci_interface_bss)
 *(.device_manager_bss)
 *(.vendor_manager_bss)
                0x00000054                BTCTLER_CONTROLLER_BSS_SIZE = ABSOLUTE ((. - BTCTLER_CONTROLLER_BSS_START))
                0x00017644                BTCTLER_LE_CONTROLLER_BSS_START = .
 *(.ble_hci_bss)
 .ble_hci_bss   0x00017644       0x80 ..\..\..\..\cpu\br25\tools\sdk.elf.o
 *(.ble_ll_bss)
 .ble_ll_bss    0x000176c4      0x283 ..\..\..\..\cpu\br25\tools\sdk.elf.o
 *(.ble_rf_bss)
 *fill*         0x00017947        0x1 
 .ble_rf_bss    0x00017948        0x4 ..\..\..\..\cpu\br25\tools\sdk.elf.o
                0x00000308                BTCTLER_LE_CONTROLLER_BSS_SIZE = ABSOLUTE ((. - BTCTLER_LE_CONTROLLER_BSS_START))
                0x0001794c                BTCTLER_CL_BSS_START = .
 *(.classic_rf_bss)
 .classic_rf_bss
                0x0001794c       0x68 ..\..\..\..\cpu\br25\tools\sdk.elf.o
 *(.classic_lmp_bss)
 .classic_lmp_bss
                0x000179b4       0xe4 ..\..\..\..\cpu\br25\tools\sdk.elf.o
 *(.classic_lmp_auth_bss)
 *(.classic_lmp_bigint_bss)
 *(.classic_lmp_crypt_bss)
 *(.classic_lmp_ecdh_bss)
 *(.classic_lmp_linkbulk_bss)
 *(.classic_lmp_hmac_bss)
 *(.classic_bb_bss)
 *(.classic_hci_bss)
                0x0000014c                BTCTLER_CL_BSS_SIZE = ABSOLUTE ((. - BTCTLER_CL_BSS_START))
                0x00017a98                . = ALIGN (0x4)
                0x00017a98                btctler_bss_end = .
                0x00017a98                data_code_limit_begin = .

.data_code      0x00017aa0      0xfb8
                0x00017aa0                data_code_begin = .
 *(.common*)
                0x00017aa0                . = ALIGN (0x4)
                0x00017aa0                media_data_code_start = .
                0x00017aa0                . = ALIGN (0x4)
 *(.sbc_eng_code)
                0x00017aa0                . = ALIGN (0x4)
                0x00017aa0                media_data_code_end = .
 *(.flushinv_icache)
 *(.os_critical_code)
 .os_critical_code
                0x00017aa0      0x418 ..\..\..\..\cpu\br25\tools\sdk.elf.o
                0x00017af2                os_mutex_pend
                0x00017b28                os_mutex_post
                0x00017b46                jiffies_half_msec
                0x00017b9e                jiffies_msec
                0x00017ba6                os_sem_pend
                0x00017bc2                __os_taskq_post
                0x00017be8                os_taskq_post_type
                0x00017c20                os_taskq_flush
                0x00017c36                uxTaskStack
                0x00017c3c                pcTaskName
                0x00017c40                uxTaskStackDepth
                0x00017c44                os_taskq_del
                0x00017c62                os_taskq_post
                0x00017c98                os_taskq_post_event
                0x00017cd0                os_taskq_post_msg
                0x00017dec                pvPortSwitch
                0x00017e42                task_queue_post_event
 .os_critical_code
                0x00017eb8       0x40 ../../../../include_lib/liba/br25/system.a(port_asm_mmu.S.o)
                0x00017eb8                vAppPortStartFirstTask
                0x00017ee2                begin_of_data
                0x00017ee2                __tick_irq_handler
 *(.os_rewrite_code)
 *(.volatile_ram_code)
 .volatile_ram_code
                0x00017ef8      0x3d0 ..\..\..\..\cpu\br25\tools\sdk.elf.o
                0x000180fa                switch_to_hrc
                0x00018228                bredr_link_clk_offset
                0x0001823a                lc_local_slot_bitoff
 .volatile_ram_code
                0x000182c8       0xea ../../../../include_lib/liba/br25/cpu.a(startup.S.o)
                0x000182c8                __BT_UPDATA_JUMP
                0x00018348                __JUMP_TO_MASKROM
                0x0001838e                exception_irq_handler
                0x000183a0                UART_UPDATE_JUMP
 *(.chargebox_code)
 *(.fat_data_code)
                0x000183b4                . = ALIGN (0x4)
 *fill*         0x000183b2        0x2 
                0x000183b4                _SPI_CODE_START = .
 *(.spi_code)
 .spi_code      0x000183b4      0x6a2 ..\..\..\..\cpu\br25\tools\sdk.elf.o
                0x00018708                read_flash_id
                0x000187b4                __udelay
                0x00018828                norflash_erase
                0x000188b0                flushinv_dcache_api
                0x00018930                spi_cache_way_switch
                0x00018a42                spi_for_maskrom_init
                0x00018a58                . = ALIGN (0x4)
 *fill*         0x00018a56        0x2 
                0x00018a58                _SPI_CODE_END = .
                0x00018a58                . = ALIGN (0x4)
                0x00018a58                data_code_end = .

.vir_timer
 *(.vir_rtc)
                0x00018a58                overlay_begin = .

.overlay_aec    0x00018a58     0x1068 load address 0x00200000
 *(.cvsd_data)
 *(.cvsd_const)
 *(.cvsd_code)
                0x00018a58        0x4 LONG 0xffffffff
                0x00018a5c                o_aec_end = .
 *(.cvsd_codec)
 *(.aec_mem)
 *(.msbc_enc)
 *(.cvsd_bss)
                0x00018a5c                . = ALIGN (0x4)
 *(.bd_base)
 .bd_base       0x00018a5c     0x1064 ..\..\..\..\cpu\br25\tools\sdk.elf.o
                0x00018a5c                bd_base
 *(.bredr_rxtx_bulk)
                0x00019ac0                acl_tx_pool = .
 *(.bredr_tx_bulk)
                0x00019ac0                acl_tx_pool_end = (acl_tx_pool + 0x0)
                0x00019ac0                . = acl_tx_pool_end
                0x00019ac0                acl_rx_pool = .
 *(.bredr_rx_bulk)
                0x00019ac0                acl_rx_pool_end = (acl_rx_pool + 0x0)
                0x00019ac0                . = acl_rx_pool_end
                0x00019ac0                tws_bulk_pool = .
                0x00019ac0                tws_bulk_pool_end = tws_bulk_pool
                0x00019ac0                . = tws_bulk_pool_end
                [!provide]                PROVIDE (__load_start_overlay_aec, LOADADDR (.overlay_aec))
                [!provide]                PROVIDE (__load_stop_overlay_aec, (LOADADDR (.overlay_aec) + SIZEOF (.overlay_aec)))

.overlay_mp3    0x00018a58        0x4 load address 0x00201068
                0x00018a58        0x4 LONG 0xffffffff
                0x00018a5c                o_mp3_end = .
 *(.mp3_mem)
 *(.mp3_ctrl_mem)
 *(.mp3pick_mem)
 *(.mp3pick_ctrl_mem)
                [!provide]                PROVIDE (__load_start_overlay_mp3, LOADADDR (.overlay_mp3))
                [!provide]                PROVIDE (__load_stop_overlay_mp3, (LOADADDR (.overlay_mp3) + SIZEOF (.overlay_mp3)))

.overlay_wma    0x00018a58        0x4 load address 0x0020106c
                0x00018a58        0x4 LONG 0xffffffff
                0x00018a5c                o_wma_end = .
 *(.wma_mem)
 *(.wma_ctrl_mem)
 *(.wmapick_mem)
 *(.wmapick_ctrl_mem)
                [!provide]                PROVIDE (__load_start_overlay_wma, LOADADDR (.overlay_wma))
                [!provide]                PROVIDE (__load_stop_overlay_wma, (LOADADDR (.overlay_wma) + SIZEOF (.overlay_wma)))

.overlay_wav    0x00018a58        0x4 load address 0x00201070
                0x00018a58        0x4 LONG 0xffffffff
                0x00018a5c                o_wav_end = .
 *(.wav_mem)
 *(.wav_ctrl_mem)
                [!provide]                PROVIDE (__load_start_overlay_wav, LOADADDR (.overlay_wav))
                [!provide]                PROVIDE (__load_stop_overlay_wav, (LOADADDR (.overlay_wav) + SIZEOF (.overlay_wav)))

.overlay_ape    0x00018a58        0x4 load address 0x00201074
                0x00018a58        0x4 LONG 0xffffffff
                0x00018a5c                o_ape_end = .
 *(.ape_mem)
 *(.ape_ctrl_mem)
 *(.ape_dec_data)
 *(.ape_dec_bss)
 *(.ape_data)
                [!provide]                PROVIDE (__load_start_overlay_ape, LOADADDR (.overlay_ape))
                [!provide]                PROVIDE (__load_stop_overlay_ape, (LOADADDR (.overlay_ape) + SIZEOF (.overlay_ape)))

.overlay_flac   0x00018a58        0x4 load address 0x00201078
                0x00018a58        0x4 LONG 0xffffffff
                0x00018a5c                o_flac_end = .
 *(.flac_mem)
 *(.flac_ctrl_mem)
 *(.flac_dec_data)
 *(.flac_dec_bss)
 *(.flac_bss)
 *(.flac_data)
                [!provide]                PROVIDE (__load_start_overlay_flac, LOADADDR (.overlay_flac))
                [!provide]                PROVIDE (__load_stop_overlay_flac, (LOADADDR (.overlay_flac) + SIZEOF (.overlay_flac)))

.overlay_m4a    0x00018a58        0x4 load address 0x0020107c
                0x00018a58        0x4 LONG 0xffffffff
                0x00018a5c                o_m4a_end = .
 *(.m4a_mem)
 *(.m4a_ctrl_mem)
 *(.m4a_dec_data)
 *(.m4a_data)
 *(.m4apick_mem)
 *(.m4apick_ctrl_mem)
 *(.aac_ctrl_mem)
 *(.aac_bss)
 *(.aac_data)
 *(.alac_ctrl_mem)
 *(.alac_bss)
 *(.alac_data)
                [!provide]                PROVIDE (__load_start_overlay_m4a, LOADADDR (.overlay_m4a))
                [!provide]                PROVIDE (__load_stop_overlay_m4a, (LOADADDR (.overlay_m4a) + SIZEOF (.overlay_m4a)))

.overlay_amr    0x00018a58        0x4 load address 0x00201080
                0x00018a58        0x4 LONG 0xffffffff
                0x00018a5c                o_amr_end = .
 *(.amr_mem)
 *(.amr_ctrl_mem)
                [!provide]                PROVIDE (__load_start_overlay_amr, LOADADDR (.overlay_amr))
                [!provide]                PROVIDE (__load_stop_overlay_amr, (LOADADDR (.overlay_amr) + SIZEOF (.overlay_amr)))

.overlay_dts    0x00018a58        0x4 load address 0x00201084
                0x00018a58        0x4 LONG 0xffffffff
                0x00018a5c                o_dts_end = .
 *(.dts_mem)
 *(.dts_ctrl_mem)
 *(.dts_dec_data)
 *(.dts_data)
                [!provide]                PROVIDE (__load_start_overlay_dts, LOADADDR (.overlay_dts))
                [!provide]                PROVIDE (__load_stop_overlay_dts, (LOADADDR (.overlay_dts) + SIZEOF (.overlay_dts)))

.overlay_fm     0x00018a58        0x4 load address 0x00201088
 *(.fm_code)
                0x00018a58        0x4 LONG 0xffffffff
                0x00018a5c                o_fm_end = .
 *(.fm_mem)
 *(.linein_pcm_mem)
                [!provide]                PROVIDE (__load_start_overlay_fm, LOADADDR (.overlay_fm))
                [!provide]                PROVIDE (__load_stop_overlay_fm, (LOADADDR (.overlay_fm) + SIZEOF (.overlay_fm)))

.overlay_pc     0x00018a58        0x0 load address 0x0020108c
 *(.usb_audio_play_dma)
 *(.usb_audio_rec_dma)
 *(.uac_rx)
 *(.mass_storage)
 *(.usb_msd_dma)
 *(.usb_hid_dma)
 *(.usb_iso_dma)
 *(.usb_cdc_dma)
 *(.uac_var)
 *(.usb_config_var)
 *(.cdc_var)
                [!provide]                PROVIDE (__load_start_overlay_pc, LOADADDR (.overlay_pc))
                [!provide]                PROVIDE (__load_stop_overlay_pc, (LOADADDR (.overlay_pc) + SIZEOF (.overlay_pc)))
                0x00019ac0                data_code_limit_end = .
                0x00019ac0                _HEAP_BEGIN = .
                0x00031ae0                _HEAP_END = RAM_END
                0x000016d8                UPDATE_CODE_TOTAL_SIZE = (update_code_end - update_code_start)